Component: ARM Compiler 5.06 update 6 (build 750) Tool: armlink [4d35ed]

==============================================================================

Section Cross References

    main.o(i.EINT0_IRQHandler) refers to main.o(.data) for spin_counter
    main.o(i.init) refers to gpio.o(i.IN1A_Init) for IN1A_Init
    main.o(i.init) refers to gpio.o(i.IN2A_Init) for IN2A_Init
    main.o(i.init) refers to gpio.o(i.IN3B_Init) for IN3B_Init
    main.o(i.init) refers to gpio.o(i.IN4B_Init) for IN4B_Init
    main.o(i.init) refers to gpio.o(i.LED_RIGHT_FORWARD_Init) for LED_RIGHT_FORWARD_Init
    main.o(i.init) refers to gpio.o(i.LED_RIGHT_BACKWARD_Init) for LED_RIGHT_BACKWARD_Init
    main.o(i.init) refers to gpio.o(i.LED_LEFT_FORWARD_Init) for LED_LEFT_FORWARD_Init
    main.o(i.init) refers to gpio.o(i.LED_LEFT_BACKWARD_Init) for LED_LEFT_BACKWARD_Init
    main.o(i.init) refers to gpio.o(i.LED_RIGHT_FORWARD_On) for LED_RIGHT_FORWARD_On
    main.o(i.init) refers to gpio.o(i.LED_RIGHT_BACKWARD_On) for LED_RIGHT_BACKWARD_On
    main.o(i.init) refers to gpio.o(i.LED_LEFT_FORWARD_On) for LED_LEFT_FORWARD_On
    main.o(i.init) refers to gpio.o(i.LED_LEFT_BACKWARD_On) for LED_LEFT_BACKWARD_On
    main.o(i.init) refers to led.o(i.EMBEDLED_Init) for EMBEDLED_Init
    main.o(i.init) refers to pwm.o(i.PWM_Init) for PWM_Init
    main.o(i.init) refers to adc.o(i.ADC_Init) for ADC_Init
    main.o(i.init) refers to timer.o(i.Timer_Init) for Timer_Init
    main.o(i.init) refers to adc.o(i.ADC_Start) for ADC_Start
    main.o(i.init) refers to hm10.o(i.HM10_Init) for HM10_Init
    main.o(i.init) refers to ultrasonic.o(i.Ultrasonic_Init) for Ultrasonic_Init
    main.o(i.init) refers to ultrasonic.o(i.Ultrasonic_Trigger_Timer_Init) for Ultrasonic_Trigger_Timer_Init
    main.o(i.init) refers to ultrasonic.o(i.Ultrasonic_Capture_Timer_Init) for Ultrasonic_Capture_Timer_Init
    main.o(i.init) refers to ultrasonic.o(i.Ultrasonic_Start_Trigger_Timer) for Ultrasonic_Start_Trigger_Timer
    main.o(i.init) refers to external.o(i.External_Init) for External_Init
    main.o(i.init) refers to strcpy.o(.text) for strcpy
    main.o(i.init) refers to main.o(.bss) for last_behaviour
    main.o(i.main) refers to main.o(i.init) for init
    main.o(i.main) refers to main.o(i.update) for update
    main.o(i.motor_command) refers to strcmp.o(.text) for strcmp
    main.o(i.motor_command) refers to gpio.o(i.go_forward) for go_forward
    main.o(i.motor_command) refers to pwm.o(i.PWM_Write) for PWM_Write
    main.o(i.motor_command) refers to memseta.o(.text) for __aeabi_memclr4
    main.o(i.motor_command) refers to strcpy.o(.text) for strcpy
    main.o(i.motor_command) refers to hm10.o(i.HM10_SendCommand) for HM10_SendCommand
    main.o(i.motor_command) refers to gpio.o(i.go_backward) for go_backward
    main.o(i.motor_command) refers to gpio.o(i.turn_right) for turn_right
    main.o(i.motor_command) refers to gpio.o(i.turn_left) for turn_left
    main.o(i.motor_command) refers to gpio.o(i.stop) for stop
    main.o(i.motor_command) refers to main.o(.bss) for last_behaviour
    main.o(i.update) refers to ultrasonic.o(i.ultrasonic_get_distance) for ultrasonic_get_distance
    main.o(i.update) refers to adc.o(i.ADC_GetPotans) for ADC_GetPotans
    main.o(i.update) refers to adc.o(i.ADC_GetLastValue) for ADC_GetLastValue
    main.o(i.update) refers to memseta.o(.text) for __aeabi_memclr4
    main.o(i.update) refers to strcpy.o(.text) for strcpy
    main.o(i.update) refers to gpio.o(i.stop) for stop
    main.o(i.update) refers to hm10.o(i.HM10_SendCommand) for HM10_SendCommand
    main.o(i.update) refers to main.o(i.motor_command) for motor_command
    main.o(i.update) refers to pwm.o(i.PWM_Write) for PWM_Write
    main.o(i.update) refers to strcmp.o(.text) for strcmp
    main.o(i.update) refers to hm10.o(i.HM10_ClearBuffer) for HM10_ClearBuffer
    main.o(i.update) refers to printf1.o(i.__0sprintf$1) for __2sprintf
    main.o(i.update) refers to strcat.o(.text) for strcat
    main.o(i.update) refers to gpio.o(i.turn_right) for turn_right
    main.o(i.update) refers to gpio.o(i.go_forward) for go_forward
    main.o(i.update) refers to gpio.o(i.turn_left) for turn_left
    main.o(i.update) refers to main.o(.data) for distance
    main.o(i.update) refers to main.o(.bss) for LDR_VALUES
    main.o(i.update) refers to hm10.o(.data) for HM10NewDataAvailable
    main.o(i.update) refers to hm10.o(.bss) for HM10Buffer
    main.o(i.update) refers to adc.o(.data) for ADC_Left
    adc.o(i.ADC_GetLastValue) refers to adc.o(.data) for ADC_Left
    adc.o(i.ADC_GetPotans) refers to adc.o(.data) for ADC_Potans
    adc.o(i.ADC_IRQHandler) refers to adc.o(.data) for counter
    gpio.o(i.IN1A_Init) refers to gpio.o(i.GPIO_DIR_Write) for GPIO_DIR_Write
    gpio.o(i.IN1A_Off) refers to gpio.o(i.GPIO_PIN_Write) for GPIO_PIN_Write
    gpio.o(i.IN1A_On) refers to gpio.o(i.GPIO_PIN_Write) for GPIO_PIN_Write
[...]
    gpio.o(i.turn_left) refers to gpio.o(i.IN1A_Off) for IN1A_Off
    gpio.o(i.turn_left) refers to gpio.o(i.IN2A_On) for IN2A_On
    gpio.o(i.turn_left) refers to gpio.o(i.IN3B_On) for IN3B_On
    gpio.o(i.turn_left) refers to gpio.o(i.IN4B_Off) for IN4B_Off
    gpio.o(i.turn_left) refers to gpio.o(i.LED_RIGHT_FORWARD_Off) for LED_RIGHT_FORWARD_Off
    gpio.o(i.turn_left) refers to gpio.o(i.LED_RIGHT_BACKWARD_Off) for LED_RIGHT_BACKWARD_Off
    gpio.o(i.turn_left) refers to gpio.o(i.LED_LEFT_FORWARD_On) for LED_LEFT_FORWARD_On
    gpio.o(i.turn_left) refers to gpio.o(i.LED_LEFT_BACKWARD_On) for LED_LEFT_BACKWARD_On
    gpio.o(i.turn_left) refers to pwm.o(i.PWM_Write) for PWM_Write
    gpio.o(i.turn_left) refers to gpio.o(i.LED_LEFT_FORWARD_Off) for LED_LEFT_FORWARD_Off
    gpio.o(i.turn_left) refers to gpio.o(i.LED_LEFT_BACKWARD_Off) for LED_LEFT_BACKWARD_Off
    gpio.o(i.turn_left) refers to gpio.o(i.stop) for stop
    gpio.o(i.turn_left) refers to main.o(.data) for spin_counter
    gpio.o(i.turn_right) refers to gpio.o(i.IN1A_On) for IN1A_On
    gpio.o(i.turn_right) refers to gpio.o(i.IN2A_Off) for IN2A_Off
    gpio.o(i.turn_right) refers to gpio.o(i.IN3B_Off) for IN3B_Off
    gpio.o(i.turn_right) refers to gpio.o(i.IN4B_On) for IN4B_On
    gpio.o(i.turn_right) refers to gpio.o(i.LED_RIGHT_BACKWARD_On) for LED_RIGHT_BACKWARD_On
    gpio.o(i.turn_right) refers to gpio.o(i.LED_RIGHT_FORWARD_On) for LED_RIGHT_FORWARD_On
    gpio.o(i.turn_right) refers to gpio.o(i.LED_LEFT_FORWARD_Off) for LED_LEFT_FORWARD_Off
    gpio.o(i.turn_right) refers to gpio.o(i.LED_LEFT_BACKWARD_Off) for LED_LEFT_BACKWARD_Off
    gpio.o(i.turn_right) refers to pwm.o(i.PWM_Write) for PWM_Write
    gpio.o(i.turn_right) refers to gpio.o(i.LED_RIGHT_FORWARD_Off) for LED_RIGHT_FORWARD_Off
    gpio.o(i.turn_right) refers to gpio.o(i.LED_RIGHT_BACKWARD_Off) for LED_RIGHT_BACKWARD_Off
    gpio.o(i.turn_right) refers to gpio.o(i.stop) for stop
    gpio.o(i.turn_right) refers to main.o(.data) for spin_counter
    pwm.o(i.PWM_Write) refers to dfltui.o(.text) for __aeabi_ui2d
    pwm.o(i.PWM_Write) refers to ddiv.o(.text) for __aeabi_ddiv
    pwm.o(i.PWM_Write) refers to dfixui.o(.text) for __aeabi_d2uiz
    serial.o(i.Serial_WriteData) refers to serial.o(.data) for serialTransmitCompleted
    serial.o(i.UART0_IRQHandler) refers to serial.o(i.Serial_ReadData) for Serial_ReadData
    serial.o(i.UART0_IRQHandler) refers to serial.o(i.Serial_WriteData) for Serial_WriteData
    serial.o(i.UART0_IRQHandler) refers to serial.o(.data) for serialReceivedCharacter
    hm10.o(i.HM10_ClearBuffer) refers to memseta.o(.text) for __aeabi_memclr
    hm10.o(i.HM10_ClearBuffer) refers to hm10.o(.data) for HM10CurrentBufferIndex
    hm10.o(i.HM10_ClearBuffer) refers to hm10.o(.bss) for HM10Buffer
    hm10.o(i.HM10_SendCommand) refers to hm10.o(i.HM10_Write) for HM10_Write
    hm10.o(i.HM10_Write) refers to hm10.o(i.HM10_WriteData) for HM10_WriteData
    hm10.o(i.UART3_IRQHandler) refers to hm10.o(i.HM10_ReadData) for HM10_ReadData
    hm10.o(i.UART3_IRQHandler) refers to hm10.o(.bss) for HM10Buffer
    hm10.o(i.UART3_IRQHandler) refers to hm10.o(.data) for HM10CurrentBufferIndex
    ultrasonic.o(i.TIMER2_IRQHandler) refers to ultrasonic.o(i.__NVIC_ClearPendingIRQ) for __NVIC_ClearPendingIRQ
    ultrasonic.o(i.TIMER2_IRQHandler) refers to ultrasonic.o(i.__NVIC_EnableIRQ) for __NVIC_EnableIRQ
    ultrasonic.o(i.TIMER2_IRQHandler) refers to ultrasonic.o(.data) for ultrasonicSensorTriggerStart
    ultrasonic.o(i.TIMER3_IRQHandler) refers to ultrasonic.o(i.__NVIC_ClearPendingIRQ) for __NVIC_ClearPendingIRQ
    ultrasonic.o(i.TIMER3_IRQHandler) refers to ultrasonic.o(.data) for ultrasonicSensorCaptureRisingEdge
    ultrasonic.o(i.Ultrasonic_Trigger_Timer_Init) refers to ultrasonic.o(i.__NVIC_EnableIRQ) for __NVIC_EnableIRQ
    ultrasonic.o(i.Ultrasonic_Trigger_Timer_Init) refers to ultrasonic.o(i.__NVIC_ClearPendingIRQ) for __NVIC_ClearPendingIRQ
    ultrasonic.o(i.ultrasonic_get_distance) refers to ultrasonic.o(.data) for ultrasonicSensorFallingCaptureTime
    led.o(i.EMBEDLED1_Off) refers to gpio.o(i.GPIO_PIN_Write) for GPIO_PIN_Write
    led.o(i.EMBEDLED1_On) refers to gpio.o(i.GPIO_PIN_Write) for GPIO_PIN_Write
    led.o(i.EMBEDLED2_Off) refers to gpio.o(i.GPIO_PIN_Write) for GPIO_PIN_Write
    led.o(i.EMBEDLED2_On) refers to gpio.o(i.GPIO_PIN_Write) for GPIO_PIN_Write
    led.o(i.EMBEDLED3_Off) refers to gpio.o(i.GPIO_PIN_Write) for GPIO_PIN_Write
    led.o(i.EMBEDLED3_On) refers to gpio.o(i.GPIO_PIN_Write) for GPIO_PIN_Write
    led.o(i.EMBEDLED4_Off) refers to gpio.o(i.GPIO_PIN_Write) for GPIO_PIN_Write
    led.o(i.EMBEDLED4_On) refers to gpio.o(i.GPIO_PIN_Write) for GPIO_PIN_Write
    led.o(i.EMBEDLED_ALL_Off) refers to led.o(i.EMBEDLED1_Off) for EMBEDLED1_Off
    led.o(i.EMBEDLED_ALL_Off) refers to led.o(i.EMBEDLED2_Off) for EMBEDLED2_Off
    led.o(i.EMBEDLED_ALL_Off) refers to led.o(i.EMBEDLED3_Off) for EMBEDLED3_Off
    led.o(i.EMBEDLED_ALL_Off) refers to led.o(i.EMBEDLED4_Off) for EMBEDLED4_Off
    led.o(i.EMBEDLED_ALL_On) refers to led.o(i.EMBEDLED1_On) for EMBEDLED1_On
    led.o(i.EMBEDLED_ALL_On) refers to led.o(i.EMBEDLED2_On) for EMBEDLED2_On
    led.o(i.EMBEDLED_ALL_On) refers to led.o(i.EMBEDLED3_On) for EMBEDLED3_On
    led.o(i.EMBEDLED_ALL_On) refers to led.o(i.EMBEDLED4_On) for EMBEDLED4_On
    led.o(i.EMBEDLED_Init) refers to gpio.o(i.GPIO_DIR_Write) for GPIO_DIR_Write
    led.o(i.LED1_Init) refers to gpio.o(i.GPIO_DIR_Write) for GPIO_DIR_Write
    led.o(i.LED1_Off) refers to gpio.o(i.GPIO_PIN_Write) for GPIO_PIN_Write
    led.o(i.LED1_On) refers to gpio.o(i.GPIO_PIN_Write) for GPIO_PIN_Write
    led.o(i.LED2_Init) refers to gpio.o(i.GPIO_DIR_Write) for GPIO_DIR_Write
    led.o(i.LED2_Off) refers to gpio.o(i.GPIO_PIN_Write) for GPIO_PIN_Write
    led.o(i.LED2_On) refers to gpio.o(i.GPIO_PIN_Write) for GPIO_PIN_Write
    led.o(i.LED3_Init) refers to gpio.o(i.GPIO_DIR_Write) for GPIO_DIR_Write
    led.o(i.LED3_Off) refers to gpio.o(i.GPIO_PIN_Write) for GPIO_PIN_Write
    led.o(i.LED3_On) refers to gpio.o(i.GPIO_PIN_Write) for GPIO_PIN_Write
    led.o(i.LED4_Init) refers to gpio.o(i.GPIO_DIR_Write) for GPIO_DIR_Write
    led.o(i.LED4_Off) refers to gpio.o(i.GPIO_PIN_Write) for GPIO_PIN_Write
    led.o(i.LED4_On) refers to gpio.o(i.GPIO_PIN_Write) for GPIO_PIN_Write
    led.o(i.LED_Init) refers to led.o(i.LED1_Init) for LED1_Init
    led.o(i.LED_Init) refers to led.o(i.LED2_Init) for LED2_Init
    led.o(i.LED_Init) refers to led.o(i.LED3_Init) for LED3_Init
    led.o(i.LED_Init) refers to led.o(i.LED4_Init) for LED4_Init
    led.o(i.LED_OFF) refers to led.o(i.LED1_Off) for LED1_Off
    led.o(i.LED_OFF) refers to led.o(i.LED2_Off) for LED2_Off
    led.o(i.LED_OFF) refers to led.o(i.LED3_Off) for LED3_Off
    led.o(i.LED_OFF) refers to led.o(i.LED4_Off) for LED4_Off
    led.o(i.LED_ON) refers to led.o(i.LED1_On) for LED1_On
    led.o(i.LED_ON) refers to led.o(i.LED2_On) for LED2_On
    led.o(i.LED_ON) refers to led.o(i.LED3_On) for LED3_On
    led.o(i.LED_ON) refers to led.o(i.LED4_On) for LED4_On
    startup_lpc407x_8x_177x_8x.o(RESET) refers to startup_lpc407x_8x_177x_8x.o(STACK) for __initial_sp
    startup_lpc407x_8x_177x_8x.o(RESET) refers to startup_lpc407x_8x_177x_8x.o(.text) for Reset_Handler
    startup_lpc407x_8x_177x_8x.o(RESET) refers to ultrasonic.o(i.TIMER2_IRQHandler) for TIMER2_IRQHandler
    startup_lpc407x_8x_177x_8x.o(RESET) refers to ultrasonic.o(i.TIMER3_IRQHandler) for TIMER3_IRQHandler
    startup_lpc407x_8x_177x_8x.o(RESET) refers to serial.o(i.UART0_IRQHandler) for UART0_IRQHandler
    startup_lpc407x_8x_177x_8x.o(RESET) refers to hm10.o(i.UART3_IRQHandler) for UART3_IRQHandler
    startup_lpc407x_8x_177x_8x.o(RESET) refers to main.o(i.EINT0_IRQHandler) for EINT0_IRQHandler
    startup_lpc407x_8x_177x_8x.o(RESET) refers to adc.o(i.ADC_IRQHandler) for ADC_IRQHandler
    startup_lpc407x_8x_177x_8x.o(.text) refers to system_lpc407x_8x_177x_8x.o(i.SystemInit) for SystemInit
    startup_lpc407x_8x_177x_8x.o(.text) refers to entry.o(.ARM.Collect$$$$00000000) for __main
    system_lpc407x_8x_177x_8x.o(i.SystemCoreClockUpdate) refers to system_lpc407x_8x_177x_8x.o(.data) for SystemCoreClock
    system_lpc407x_8x_177x_8x.o(i.SystemInit) refers to system_lpc407x_8x_177x_8x.o(i.fpu_init) for fpu_init
    system_lpc407x_8x_177x_8x.o(i.SystemInit) refers to system_lpc407x_8x_177x_8x.o(i.SystemCoreClockUpdate) for SystemCoreClockUpdate
    entry.o(.ARM.Collect$$$$00000000) refers (Special) to entry10a.o(.ARM.Collect$$$$0000000D) for __rt_final_cpp
    entry.o(.ARM.Collect$$$$00000000) refers (Special) to entry11a.o(.ARM.Collect$$$$0000000F) for __rt_final_exit
    entry.o(.ARM.Collect$$$$00000000) refers (Special) to entry7b.o(.ARM.Collect$$$$00000008) for _main_clock
    entry.o(.ARM.Collect$$$$00000000) refers (Special) to entry8b.o(.ARM.Collect$$$$0000000A) for _main_cpp_init
    entry.o(.ARM.Collect$$$$00000000) refers (Special) to entry9a.o(.ARM.Collect$$$$0000000B) for _main_init
    entry.o(.ARM.Collect$$$$00000000) refers (Special) to entry5.o(.ARM.Collect$$$$00000004) for _main_scatterload
    entry.o(.ARM.Collect$$$$00000000) refers (Special) to entry2.o(.ARM.Collect$$$$00000001) for _main_stk
    printfb.o(i.__0fprintf$bare) refers to printfb.o(i._printf_core) for _printf_core
    printfb.o(i.__0fprintf$bare) refers to fputc.o(i.fputc) for fputc
    printfb.o(i.__0printf$bare) refers to printfb.o(i._printf_core) for _printf_core
    printfb.o(i.__0printf$bare) refers to fputc.o(i.fputc) for fputc
    printfb.o(i.__0printf$bare) refers to stdout.o(.data) for __stdout
    printfb.o(i.__0snprintf$bare) refers to printfb.o(i._printf_core) for _printf_core
    printfb.o(i.__0snprintf$bare) refers to printfb.o(i._snputc) for _snputc
    printfb.o(i.__0sprintf$bare) refers to printfb.o(i._printf_core) for _printf_core
    printfb.o(i.__0sprintf$bare) refers to printfb.o(i._sputc) for _sputc
    printfb.o(i.__0vfprintf$bare) refers to printfb.o(i._printf_core) for _printf_core
    printfb.o(i.__0vfprintf$bare) refers to fputc.o(i.fputc) for fputc
    printfb.o(i.__0vprintf$bare) refers to printfb.o(i._printf_core) for _printf_core
    printfb.o(i.__0vprintf$bare) refers to fputc.o(i.fputc) for fputc
    printfb.o(i.__0vprintf$bare) refers to stdout.o(.data) for __stdout
    printfb.o(i.__0vsnprintf$bare) refers to printfb.o(i._printf_core) for _printf_core
    printfb.o(i.__0vsnprintf$bare) refers to printfb.o(i._snputc) for _snputc
    printfb.o(i.__0vsprintf$bare) refers to printfb.o(i._printf_core) for _printf_core
    printfb.o(i.__0vsprintf$bare) refers to printfb.o(i._sputc) for _sputc
    printf0.o(i.__0fprintf$0) refers to printf0.o(i._printf_core) for _printf_core
    printf0.o(i.__0fprintf$0) refers to fputc.o(i.fputc) for fputc
    printf0.o(i.__0printf$0) refers to printf0.o(i._printf_core) for _printf_core
    printf0.o(i.__0printf$0) refers to fputc.o(i.fputc) for fputc
    printf0.o(i.__0printf$0) refers to stdout.o(.data) for __stdout
    printf0.o(i.__0snprintf$0) refers to printf0.o(i._printf_core) for _printf_core
    printf0.o(i.__0snprintf$0) refers to printf0.o(i._snputc) for _snputc
    printf0.o(i.__0sprintf$0) refers to printf0.o(i._printf_core) for _printf_core
    printf0.o(i.__0sprintf$0) refers to printf0.o(i._sputc) for _sputc
    printf0.o(i.__0vfprintf$0) refers to printf0.o(i._printf_core) for _printf_core
    printf0.o(i.__0vfprintf$0) refers to fputc.o(i.fputc) for fputc
    printf0.o(i.__0vprintf$0) refers to printf0.o(i._printf_core) for _printf_core
    printf0.o(i.__0vprintf$0) refers to fputc.o(i.fputc) for fputc
    printf0.o(i.__0vprintf$0) refers to stdout.o(.data) for __stdout
    printf0.o(i.__0vsnprintf$0) refers to printf0.o(i._printf_core) for _printf_core
    printf0.o(i.__0vsnprintf$0) refers to printf0.o(i._snputc) for _snputc
    printf0.o(i.__0vsprintf$0) refers to printf0.o(i._printf_core) for _printf_core
    printf0.o(i.__0vsprintf$0) refers to printf0.o(i._sputc) for _sputc
    printf1.o(i.__0fprintf$1) refers to printf1.o(i._printf_core) for _printf_core
    printf1.o(i.__0fprintf$1) refers to fputc.o(i.fputc) for fputc
    printf1.o(i.__0printf$1) refers to printf1.o(i._printf_core) for _printf_core
    printf1.o(i.__0printf$1) refers to fputc.o(i.fputc) for fputc
    printf1.o(i.__0printf$1) refers to stdout.o(.data) for __stdout
    printf1.o(i.__0snprintf$1) refers to printf1.o(i._printf_core) for _printf_core
    printf1.o(i.__0snprintf$1) refers to printf1.o(i._snputc) for _snputc
    printf1.o(i.__0sprintf$1) refers to printf1.o(i._printf_core) for _printf_core
    printf1.o(i.__0sprintf$1) refers to printf1.o(i._sputc) for _sputc
    printf1.o(i.__0vfprintf$1) refers to printf1.o(i._printf_core) for _printf_core
    printf1.o(i.__0vfprintf$1) refers to fputc.o(i.fputc) for fputc
    printf1.o(i.__0vprintf$1) refers to printf1.o(i._printf_core) for _printf_core
    printf1.o(i.__0vprintf$1) refers to fputc.o(i.fputc) for fputc
    printf1.o(i.__0vprintf$1) refers to stdout.o(.data) for __stdout
    printf1.o(i.__0vsnprintf$1) refers to printf1.o(i._printf_core) for _printf_core
    printf1.o(i.__0vsnprintf$1) refers to printf1.o(i._snputc) for _snputc
    printf1.o(i.__0vsprintf$1) refers to printf1.o(i._printf_core) for _printf_core
    printf1.o(i.__0vsprintf$1) refers to printf1.o(i._sputc) for _sputc
    printf1.o(i._printf_core) refers to uidiv.o(.text) for __aeabi_uidivmod
    printf2.o(i.__0fprintf$2) refers to printf2.o(i._printf_core) for _printf_core
    printf2.o(i.__0fprintf$2) refers to fputc.o(i.fputc) for fputc
    printf2.o(i.__0printf$2) refers to printf2.o(i._printf_core) for _printf_core
    printf2.o(i.__0printf$2) refers to fputc.o(i.fputc) for fputc
    printf2.o(i.__0printf$2) refers to stdout.o(.data) for __stdout
    printf2.o(i.__0snprintf$2) refers to printf2.o(i._printf_core) for _printf_core
    printf2.o(i.__0snprintf$2) refers to printf2.o(i._snputc) for _snputc
    printf2.o(i.__0sprintf$2) refers to printf2.o(i._printf_core) for _printf_core
    printf2.o(i.__0sprintf$2) refers to printf2.o(i._sputc) for _sputc
    printf2.o(i.__0vfprintf$2) refers to printf2.o(i._printf_core) for _printf_core
    printf2.o(i.__0vfprintf$2) refers to fputc.o(i.fputc) for fputc
    printf2.o(i.__0vprintf$2) refers to printf2.o(i._printf_core) for _printf_core
    printf2.o(i.__0vprintf$2) refers to fputc.o(i.fputc) for fputc
    printf2.o(i.__0vprintf$2) refers to stdout.o(.data) for __stdout
    printf2.o(i.__0vsnprintf$2) refers to printf2.o(i._printf_core) for _printf_core
    printf2.o(i.__0vsnprintf$2) refers to printf2.o(i._snputc) for _snputc
    printf2.o(i.__0vsprintf$2) refers to printf2.o(i._printf_core) for _printf_core
    printf2.o(i.__0vsprintf$2) refers to printf2.o(i._sputc) for _sputc
    printf3.o(i.__0fprintf$3) refers to printf3.o(i._printf_core) for _printf_core
    printf3.o(i.__0fprintf$3) refers to fputc.o(i.fputc) for fputc
    printf3.o(i.__0printf$3) refers to printf3.o(i._printf_core) for _printf_core
    printf3.o(i.__0printf$3) refers to fputc.o(i.fputc) for fputc
    printf3.o(i.__0printf$3) refers to stdout.o(.data) for __stdout
    printf3.o(i.__0snprintf$3) refers to printf3.o(i._printf_core) for _printf_core
    printf3.o(i.__0snprintf$3) refers to printf3.o(i._snputc) for _snputc
    printf3.o(i.__0sprintf$3) refers to printf3.o(i._printf_core) for _printf_core
    printf3.o(i.__0sprintf$3) refers to printf3.o(i._sputc) for _sputc
    printf3.o(i.__0vfprintf$3) refers to printf3.o(i._printf_core) for _printf_core
    printf3.o(i.__0vfprintf$3) refers to fputc.o(i.fputc) for fputc
    printf3.o(i.__0vprintf$3) refers to printf3.o(i._printf_core) for _printf_core
    printf3.o(i.__0vprintf$3) refers to fputc.o(i.fputc) for fputc
    printf3.o(i.__0vprintf$3) refers to stdout.o(.data) for __stdout
    printf3.o(i.__0vsnprintf$3) refers to printf3.o(i._printf_core) for _printf_core
    printf3.o(i.__0vsnprintf$3) refers to printf3.o(i._snputc) for _snputc
    printf3.o(i.__0vsprintf$3) refers to printf3.o(i._printf_core) for _printf_core
    printf3.o(i.__0vsprintf$3) refers to printf3.o(i._sputc) for _sputc
    printf3.o(i._printf_core) refers to uidiv.o(.text) for __aeabi_uidivmod
    printf4.o(i.__0fprintf$4) refers to printf4.o(i._printf_core) for _printf_core
    printf4.o(i.__0fprintf$4) refers to fputc.o(i.fputc) for fputc
    printf4.o(i.__0printf$4) refers to printf4.o(i._printf_core) for _printf_core
    printf4.o(i.__0printf$4) refers to fputc.o(i.fputc) for fputc
    printf4.o(i.__0printf$4) refers to stdout.o(.data) for __stdout
    printf4.o(i.__0snprintf$4) refers to printf4.o(i._printf_core) for _printf_core
    printf4.o(i.__0snprintf$4) refers to printf4.o(i._snputc) for _snputc
    printf4.o(i.__0sprintf$4) refers to printf4.o(i._printf_core) for _printf_core
    printf4.o(i.__0sprintf$4) refers to printf4.o(i._sputc) for _sputc
    printf4.o(i.__0vfprintf$4) refers to printf4.o(i._printf_core) for _printf_core
    printf4.o(i.__0vfprintf$4) refers to fputc.o(i.fputc) for fputc
    printf4.o(i.__0vprintf$4) refers to printf4.o(i._printf_core) for _printf_core
    printf4.o(i.__0vprintf$4) refers to fputc.o(i.fputc) for fputc
    printf4.o(i.__0vprintf$4) refers to stdout.o(.data) for __stdout
    printf4.o(i.__0vsnprintf$4) refers to printf4.o(i._printf_core) for _printf_core
    printf4.o(i.__0vsnprintf$4) refers to printf4.o(i._snputc) for _snputc
    printf4.o(i.__0vsprintf$4) refers to printf4.o(i._printf_core) for _printf_core
    printf4.o(i.__0vsprintf$4) refers to printf4.o(i._sputc) for _sputc
    printf4.o(i._printf_core) refers to uldiv.o(.text) for __aeabi_uldivmod
    printf5.o(i.__0fprintf$5) refers to printf5.o(i._printf_core) for _printf_core
    printf5.o(i.__0fprintf$5) refers to fputc.o(i.fputc) for fputc
    printf5.o(i.__0printf$5) refers to printf5.o(i._printf_core) for _printf_core
    printf5.o(i.__0printf$5) refers to fputc.o(i.fputc) for fputc
    printf5.o(i.__0printf$5) refers to stdout.o(.data) for __stdout
    printf5.o(i.__0snprintf$5) refers to printf5.o(i._printf_core) for _printf_core
    printf5.o(i.__0snprintf$5) refers to printf5.o(i._snputc) for _snputc
    printf5.o(i.__0sprintf$5) refers to printf5.o(i._printf_core) for _printf_core
    printf5.o(i.__0sprintf$5) refers to printf5.o(i._sputc) for _sputc
    printf5.o(i.__0vfprintf$5) refers to printf5.o(i._printf_core) for _printf_core
    printf5.o(i.__0vfprintf$5) refers to fputc.o(i.fputc) for fputc
    printf5.o(i.__0vprintf$5) refers to printf5.o(i._printf_core) for _printf_core
    printf5.o(i.__0vprintf$5) refers to fputc.o(i.fputc) for fputc
    printf5.o(i.__0vprintf$5) refers to stdout.o(.data) for __stdout
    printf5.o(i.__0vsnprintf$5) refers to printf5.o(i._printf_core) for _printf_core
    printf5.o(i.__0vsnprintf$5) refers to printf5.o(i._snputc) for _snputc
    printf5.o(i.__0vsprintf$5) refers to printf5.o(i._printf_core) for _printf_core
    printf5.o(i.__0vsprintf$5) refers to printf5.o(i._sputc) for _sputc
    printf5.o(i._printf_core) refers to uldiv.o(.text) for __aeabi_uldivmod
    printf6.o(i.__0fprintf$6) refers to printf6.o(i._printf_core) for _printf_core
    printf6.o(i.__0fprintf$6) refers to fputc.o(i.fputc) for fputc
    printf6.o(i.__0printf$6) refers to printf6.o(i._printf_core) for _printf_core
    printf6.o(i.__0printf$6) refers to fputc.o(i.fputc) for fputc
    printf6.o(i.__0printf$6) refers to stdout.o(.data) for __stdout
    printf6.o(i.__0snprintf$6) refers to printf6.o(i._printf_core) for _printf_core
    printf6.o(i.__0snprintf$6) refers to printf6.o(i._snputc) for _snputc
    printf6.o(i.__0sprintf$6) refers to printf6.o(i._printf_core) for _printf_core
    printf6.o(i.__0sprintf$6) refers to printf6.o(i._sputc) for _sputc
    printf6.o(i.__0vfprintf$6) refers to printf6.o(i._printf_core) for _printf_core
    printf6.o(i.__0vfprintf$6) refers to fputc.o(i.fputc) for fputc
    printf6.o(i.__0vprintf$6) refers to printf6.o(i._printf_core) for _printf_core
    printf6.o(i.__0vprintf$6) refers to fputc.o(i.fputc) for fputc
    printf6.o(i.__0vprintf$6) refers to stdout.o(.data) for __stdout
    printf6.o(i.__0vsnprintf$6) refers to printf6.o(i._printf_core) for _printf_core
    printf6.o(i.__0vsnprintf$6) refers to printf6.o(i._snputc) for _snputc
    printf6.o(i.__0vsprintf$6) refers to printf6.o(i._printf_core) for _printf_core
    printf6.o(i.__0vsprintf$6) refers to printf6.o(i._sputc) for _sputc
    printf6.o(i._printf_core) refers to printf6.o(i._printf_pre_padding) for _printf_pre_padding
    printf6.o(i._printf_core) refers to uidiv.o(.text) for __aeabi_uidivmod
    printf6.o(i._printf_core) refers to printf6.o(i._printf_post_padding) for _printf_post_padding
    printf7.o(i.__0fprintf$7) refers to printf7.o(i._printf_core) for _printf_core
    printf7.o(i.__0fprintf$7) refers to fputc.o(i.fputc) for fputc
    printf7.o(i.__0printf$7) refers to printf7.o(i._printf_core) for _printf_core
    printf7.o(i.__0printf$7) refers to fputc.o(i.fputc) for fputc
    printf7.o(i.__0printf$7) refers to stdout.o(.data) for __stdout
    printf7.o(i.__0snprintf$7) refers to printf7.o(i._printf_core) for _printf_core
    printf7.o(i.__0snprintf$7) refers to printf7.o(i._snputc) for _snputc
    printf7.o(i.__0sprintf$7) refers to printf7.o(i._printf_core) for _printf_core
    printf7.o(i.__0sprintf$7) refers to printf7.o(i._sputc) for _sputc
    printf7.o(i.__0vfprintf$7) refers to printf7.o(i._printf_core) for _printf_core
    printf7.o(i.__0vfprintf$7) refers to fputc.o(i.fputc) for fputc
    printf7.o(i.__0vprintf$7) refers to printf7.o(i._printf_core) for _printf_core
    printf7.o(i.__0vprintf$7) refers to fputc.o(i.fputc) for fputc
    printf7.o(i.__0vprintf$7) refers to stdout.o(.data) for __stdout
    printf7.o(i.__0vsnprintf$7) refers to printf7.o(i._printf_core) for _printf_core
    printf7.o(i.__0vsnprintf$7) refers to printf7.o(i._snputc) for _snputc
    printf7.o(i.__0vsprintf$7) refers to printf7.o(i._printf_core) for _printf_core
    printf7.o(i.__0vsprintf$7) refers to printf7.o(i._sputc) for _sputc
    printf7.o(i._printf_core) refers to printf7.o(i._printf_pre_padding) for _printf_pre_padding
    printf7.o(i._printf_core) refers to uldiv.o(.text) for __aeabi_uldivmod
    printf7.o(i._printf_core) refers to printf7.o(i._printf_post_padding) for _printf_post_padding
    printf8.o(i.__0fprintf$8) refers to printf8.o(i._printf_core) for _printf_core
    printf8.o(i.__0fprintf$8) refers to fputc.o(i.fputc) for fputc
    printf8.o(i.__0printf$8) refers to printf8.o(i._printf_core) for _printf_core
    printf8.o(i.__0printf$8) refers to fputc.o(i.fputc) for fputc
    printf8.o(i.__0printf$8) refers to stdout.o(.data) for __stdout
    printf8.o(i.__0snprintf$8) refers to printf8.o(i._printf_core) for _printf_core
    printf8.o(i.__0snprintf$8) refers to printf8.o(i._snputc) for _snputc
    printf8.o(i.__0sprintf$8) refers to printf8.o(i._printf_core) for _printf_core
    printf8.o(i.__0sprintf$8) refers to printf8.o(i._sputc) for _sputc
    printf8.o(i.__0vfprintf$8) refers to printf8.o(i._printf_core) for _printf_core
    printf8.o(i.__0vfprintf$8) refers to fputc.o(i.fputc) for fputc
    printf8.o(i.__0vprintf$8) refers to printf8.o(i._printf_core) for _printf_core
    printf8.o(i.__0vprintf$8) refers to fputc.o(i.fputc) for fputc
    printf8.o(i.__0vprintf$8) refers to stdout.o(.data) for __stdout
    printf8.o(i.__0vsnprintf$8) refers to printf8.o(i._printf_core) for _printf_core
    printf8.o(i.__0vsnprintf$8) refers to printf8.o(i._snputc) for _snputc
    printf8.o(i.__0vsprintf$8) refers to printf8.o(i._printf_core) for _printf_core
    printf8.o(i.__0vsprintf$8) refers to printf8.o(i._sputc) for _sputc
    printf8.o(i._printf_core) refers to printf8.o(i._printf_pre_padding) for _printf_pre_padding
    printf8.o(i._printf_core) refers to uldiv.o(.text) for __aeabi_uldivmod
    printf8.o(i._printf_core) refers to printf8.o(i._printf_post_padding) for _printf_post_padding
    printfa.o(i.__0fprintf) refers (Special) to iusefp.o(.text) for __I$use$fp
    printfa.o(i.__0fprintf) refers to printfa.o(i._printf_core) for _printf_core
    printfa.o(i.__0fprintf) refers to fputc.o(i.fputc) for fputc
    printfa.o(i.__0printf) refers (Special) to iusefp.o(.text) for __I$use$fp
    printfa.o(i.__0printf) refers to printfa.o(i._printf_core) for _printf_core
    printfa.o(i.__0printf) refers to fputc.o(i.fputc) for fputc
    printfa.o(i.__0printf) refers to stdout.o(.data) for __stdout
    printfa.o(i.__0snprintf) refers (Special) to iusefp.o(.text) for __I$use$fp
    printfa.o(i.__0snprintf) refers to printfa.o(i._printf_core) for _printf_core
    printfa.o(i.__0snprintf) refers to printfa.o(i._snputc) for _snputc
    printfa.o(i.__0sprintf) refers (Special) to iusefp.o(.text) for __I$use$fp
    printfa.o(i.__0sprintf) refers to printfa.o(i._printf_core) for _printf_core
    printfa.o(i.__0sprintf) refers to printfa.o(i._sputc) for _sputc
    printfa.o(i.__0vfprintf) refers (Special) to iusefp.o(.text) for __I$use$fp
    printfa.o(i.__0vfprintf) refers to printfa.o(i._printf_core) for _printf_core
    printfa.o(i.__0vfprintf) refers to fputc.o(i.fputc) for fputc
    printfa.o(i.__0vprintf) refers (Special) to iusefp.o(.text) for __I$use$fp
    printfa.o(i.__0vprintf) refers to printfa.o(i._printf_core) for _printf_core
    printfa.o(i.__0vprintf) refers to fputc.o(i.fputc) for fputc
    printfa.o(i.__0vprintf) refers to stdout.o(.data) for __stdout
    printfa.o(i.__0vsnprintf) refers (Special) to iusefp.o(.text) for __I$use$fp
    printfa.o(i.__0vsnprintf) refers to printfa.o(i._printf_core) for _printf_core
    printfa.o(i.__0vsnprintf) refers to printfa.o(i._snputc) for _snputc
    printfa.o(i.__0vsprintf) refers (Special) to iusefp.o(.text) for __I$use$fp
    printfa.o(i.__0vsprintf) refers to printfa.o(i._printf_core) for _printf_core
    printfa.o(i.__0vsprintf) refers to printfa.o(i._sputc) for _sputc
    printfa.o(i._fp_digits) refers (Special) to iusefp.o(.text) for __I$use$fp
    printfa.o(i._fp_digits) refers to dmul.o(.text) for __aeabi_dmul
    printfa.o(i._fp_digits) refers to ddiv.o(.text) for __aeabi_ddiv
    printfa.o(i._fp_digits) refers to cdrcmple.o(.text) for __aeabi_cdrcmple
    printfa.o(i._fp_digits) refers to dadd.o(.text) for __aeabi_dadd
    printfa.o(i._fp_digits) refers to dfixul.o(.text) for __aeabi_d2ulz
    printfa.o(i._fp_digits) refers to uldiv.o(.text) for __aeabi_uldivmod
    printfa.o(i._printf_core) refers (Special) to iusefp.o(.text) for __I$use$fp
    printfa.o(i._printf_core) refers to printfa.o(i._printf_pre_padding) for _printf_pre_padding
    printfa.o(i._printf_core) refers to uldiv.o(.text) for __aeabi_uldivmod
    printfa.o(i._printf_core) refers to printfa.o(i._printf_post_padding) for _printf_post_padding
    printfa.o(i._printf_core) refers to printfa.o(i._fp_digits) for _fp_digits
    printfa.o(i._printf_core) refers to uidiv.o(.text) for __aeabi_uidivmod
    printfa.o(i._printf_post_padding) refers (Special) to iusefp.o(.text) for __I$use$fp
    printfa.o(i._printf_pre_padding) refers (Special) to iusefp.o(.text) for __I$use$fp
    printfa.o(i._snputc) refers (Special) to iusefp.o(.text) for __I$use$fp
    printfa.o(i._sputc) refers (Special) to iusefp.o(.text) for __I$use$fp
    ddiv.o(.text) refers (Special) to iusefp.o(.text) for __I$use$fp
    ddiv.o(.text) refers to depilogue.o(.text) for _double_round
    dfltui.o(.text) refers (Special) to iusefp.o(.text) for __I$use$fp
    dfltui.o(.text) refers to depilogue.o(.text) for _double_epilogue
    dfixui.o(.text) refers (Special) to iusefp.o(.text) for __I$use$fp
    dfixui.o(.text) refers to llushr.o(.text) for __aeabi_llsr
    entry2.o(.ARM.Collect$$$$00000001) refers to entry2.o(.ARM.Collect$$$$00002712) for __lit__00000000
    entry2.o(.ARM.Collect$$$$00002712) refers to startup_lpc407x_8x_177x_8x.o(STACK) for __initial_sp
    entry2.o(__vectab_stack_and_reset_area) refers to startup_lpc407x_8x_177x_8x.o(STACK) for __initial_sp
    entry2.o(__vectab_stack_and_reset_area) refers to entry.o(.ARM.Collect$$$$00000000) for __main
    entry5.o(.ARM.Collect$$$$00000004) refers to init.o(.text) for __scatterload
    entry9a.o(.ARM.Collect$$$$0000000B) refers to main.o(i.main) for main
    entry9b.o(.ARM.Collect$$$$0000000C) refers to main.o(i.main) for main
    fputc.o(i.fputc) refers (Special) to iusesemip.o(.text) for __I$use$semihosting$fputc
    fputc.o(i.fputc) refers (Special) to semi.o(.text) for __semihosting_library_function
    uldiv.o(.text) refers to llushr.o(.text) for __aeabi_llsr
    uldiv.o(.text) refers to llshl.o(.text) for __aeabi_llsl
    depilogue.o(.text) refers to llshl.o(.text) for __aeabi_llsl
    depilogue.o(.text) refers to llushr.o(.text) for __aeabi_llsr
    dadd.o(.text) refers to llshl.o(.text) for __aeabi_llsl
    dadd.o(.text) refers to llsshr.o(.text) for __aeabi_lasr
    dadd.o(.text) refers to depilogue.o(.text) for _double_epilogue
    dmul.o(.text) refers to depilogue.o(.text) for _double_epilogue
    dfixul.o(.text) refers to llushr.o(.text) for __aeabi_llsr
    dfixul.o(.text) refers to llshl.o(.text) for __aeabi_llsl
    init.o(.text) refers to entry5.o(.ARM.Collect$$$$00000004) for __main_after_scatterload


==============================================================================

Removing Unused input sections from the image.

    Removing main.o(.rev16_text), (4 bytes).
    Removing main.o(.revsh_text), (4 bytes).
    Removing main.o(.rrx_text), (6 bytes).
    Removing main.o(.constdata), (255 bytes).
    Removing adc.o(.rev16_text), (4 bytes).
    Removing adc.o(.revsh_text), (4 bytes).
    Removing adc.o(.rrx_text), (6 bytes).
    Removing timer.o(.rev16_text), (4 bytes).
    Removing timer.o(.revsh_text), (4 bytes).
    Removing timer.o(.rrx_text), (6 bytes).
    Removing gpio.o(.rev16_text), (4 bytes).
    Removing gpio.o(.revsh_text), (4 bytes).
    Removing gpio.o(.rrx_text), (6 bytes).
    Removing wait.o(.rev16_text), (4 bytes).
    Removing wait.o(.revsh_text), (4 bytes).
    Removing wait.o(.rrx_text), (6 bytes).
    Removing wait.o(i.wait), (20 bytes).
    Removing wait.o(i.waitMicroseconds), (18 bytes).
    Removing pwm.o(.rev16_text), (4 bytes).
    Removing pwm.o(.revsh_text), (4 bytes).
    Removing pwm.o(.rrx_text), (6 bytes).
    Removing pwm.o(i.PWM_Cycle_Rate), (32 bytes).
    Removing serial.o(.rev16_text), (4 bytes).
    Removing serial.o(.revsh_text), (4 bytes).
    Removing serial.o(.rrx_text), (6 bytes).
    Removing serial.o(i.Serial_Init), (228 bytes).
    Removing hm10.o(.rev16_text), (4 bytes).
    Removing hm10.o(.revsh_text), (4 bytes).
    Removing hm10.o(.rrx_text), (6 bytes).
    Removing hm10.o(.constdata), (255 bytes).
    Removing ultrasonic.o(.rev16_text), (4 bytes).
    Removing ultrasonic.o(.revsh_text), (4 bytes).
    Removing ultrasonic.o(.rrx_text), (6 bytes).
    Removing led.o(.rev16_text), (4 bytes).
    Removing led.o(.revsh_text), (4 bytes).
    Removing led.o(.rrx_text), (6 bytes).
    Removing led.o(i.EMBEDLED1_Off), (20 bytes).
    Removing led.o(i.EMBEDLED1_On), (20 bytes).
    Removing led.o(i.EMBEDLED2_Off), (20 bytes).
    Removing led.o(i.EMBEDLED2_On), (20 bytes).
    Removing led.o(i.EMBEDLED3_Off), (20 bytes).
    Removing led.o(i.EMBEDLED3_On), (20 bytes).
    Removing led.o(i.EMBEDLED4_Off), (20 bytes).
    Removing led.o(i.EMBEDLED4_On), (20 bytes).
    Removing led.o(i.EMBEDLED_ALL_Off), (20 bytes).
    Removing led.o(i.EMBEDLED_ALL_On), (20 bytes).
    Removing led.o(i.LED1_Init), (20 bytes).
    Removing led.o(i.LED1_Off), (20 bytes).
    Removing led.o(i.LED1_On), (20 bytes).
    Removing led.o(i.LED2_Init), (20 bytes).
    Removing led.o(i.LED2_Off), (20 bytes).
    Removing led.o(i.LED2_On), (20 bytes).
    Removing led.o(i.LED3_Init), (20 bytes).
    Removing led.o(i.LED3_Off), (20 bytes).
    Removing led.o(i.LED3_On), (20 bytes).
    Removing led.o(i.LED4_Init), (20 bytes).
    Removing led.o(i.LED4_Off), (20 bytes).
    Removing led.o(i.LED4_On), (20 bytes).
    Removing led.o(i.LED_Init), (20 bytes).
    Removing led.o(i.LED_OFF), (20 bytes).
    Removing led.o(i.LED_ON), (20 bytes).
    Removing external.o(.rev16_text), (4 bytes).
    Removing external.o(.revsh_text), (4 bytes).
    Removing external.o(.rrx_text), (6 bytes).
    Removing startup_lpc407x_8x_177x_8x.o(HEAP), (0 bytes).
    Removing system_lpc407x_8x_177x_8x.o(.rev16_text), (4 bytes).
    Removing system_lpc407x_8x_177x_8x.o(.revsh_text), (4 bytes).
    Removing system_lpc407x_8x_177x_8x.o(.rrx_text), (6 bytes).
    Removing dadd.o(.text), (334 bytes).
    Removing dmul.o(.text), (228 bytes).
    Removing dfixul.o(.text), (48 bytes).
    Removing cdrcmple.o(.text), (48 bytes).

72 unused section(s) (total 2134 bytes) removed from the image.

==============================================================================

Image Symbol Table

    Local Symbols

    Symbol Name                              Value     Ov Type        Size  Object(Section)

    RESET                                    0x00000000   Section      228  startup_lpc407x_8x_177x_8x.o(RESET)
    ../clib/microlib/division.c              0x00000000   Number         0  uldiv.o ABSOLUTE
    ../clib/microlib/division.c              0x00000000   Number         0  uidiv.o ABSOLUTE
    ../clib/microlib/init/entry.s            0x00000000   Number         0  entry9a.o ABSOLUTE
    ../clib/microlib/init/entry.s            0x00000000   Number         0  entry8b.o ABSOLUTE
    ../clib/microlib/init/entry.s            0x00000000   Number         0  entry8a.o ABSOLUTE
    ../clib/microlib/init/entry.s            0x00000000   Number         0  entry7b.o ABSOLUTE
    ../clib/microlib/init/entry.s            0x00000000   Number         0  entry7a.o ABSOLUTE
    ../clib/microlib/init/entry.s            0x00000000   Number         0  entry2.o ABSOLUTE
    ../clib/microlib/init/entry.s            0x00000000   Number         0  entry.o ABSOLUTE
    ../clib/microlib/init/entry.s            0x00000000   Number         0  entry5.o ABSOLUTE
    ../clib/microlib/init/entry.s            0x00000000   Number         0  entry11b.o ABSOLUTE
    ../clib/microlib/init/entry.s            0x00000000   Number         0  entry11a.o ABSOLUTE
    ../clib/microlib/init/entry.s            0x00000000   Number         0  entry10b.o ABSOLUTE
    ../clib/microlib/init/entry.s            0x00000000   Number         0  entry10a.o ABSOLUTE
    ../clib/microlib/init/entry.s            0x00000000   Number         0  entry9b.o ABSOLUTE
    ../clib/microlib/longlong.c              0x00000000   Number         0  llsshr.o ABSOLUTE
    ../clib/microlib/longlong.c              0x00000000   Number         0  llshl.o ABSOLUTE
    ../clib/microlib/longlong.c              0x00000000   Number         0  llushr.o ABSOLUTE
    ../clib/microlib/printf/printf.c         0x00000000   Number         0  printf3.o ABSOLUTE
    ../clib/microlib/printf/printf.c         0x00000000   Number         0  printf2.o ABSOLUTE
    ../clib/microlib/printf/printf.c         0x00000000   Number         0  printf1.o ABSOLUTE
    ../clib/microlib/printf/printf.c         0x00000000   Number         0  printfb.o ABSOLUTE
    ../clib/microlib/printf/printf.c         0x00000000   Number         0  printf0.o ABSOLUTE
    ../clib/microlib/printf/printf.c         0x00000000   Number         0  printf6.o ABSOLUTE
    ../clib/microlib/printf/printf.c         0x00000000   Number         0  printfa.o ABSOLUTE
    ../clib/microlib/printf/printf.c         0x00000000   Number         0  printf8.o ABSOLUTE
    ../clib/microlib/printf/printf.c         0x00000000   Number         0  printf7.o ABSOLUTE
    ../clib/microlib/printf/printf.c         0x00000000   Number         0  printf5.o ABSOLUTE
    ../clib/microlib/printf/printf.c         0x00000000   Number         0  printf4.o ABSOLUTE
    ../clib/microlib/printf/stubs.s          0x00000000   Number         0  stubs.o ABSOLUTE
    ../clib/microlib/stdio/fputc.c           0x00000000   Number         0  fputc.o ABSOLUTE
    ../clib/microlib/stdio/semi.s            0x00000000   Number         0  semi.o ABSOLUTE
    ../clib/microlib/stdio/streams.c         0x00000000   Number         0  stdout.o ABSOLUTE
    ../clib/microlib/string/memset.c         0x00000000   Number         0  memseta.o ABSOLUTE
    ../clib/microlib/string/strcat.c         0x00000000   Number         0  strcat.o ABSOLUTE
    ../clib/microlib/string/strcmp.c         0x00000000   Number         0  strcmp.o ABSOLUTE
    ../clib/microlib/string/strcpy.c         0x00000000   Number         0  strcpy.o ABSOLUTE
    ../clib/microlib/stubs.s                 0x00000000   Number         0  iusesemip.o ABSOLUTE
    ../clib/microlib/stubs.s                 0x00000000   Number         0  iusefp.o ABSOLUTE
    ../fplib/microlib/fpadd.c                0x00000000   Number         0  dadd.o ABSOLUTE
    ../fplib/microlib/fpdiv.c                0x00000000   Number         0  ddiv.o ABSOLUTE
    ../fplib/microlib/fpepilogue.c           0x00000000   Number         0  depilogue.o ABSOLUTE
    ../fplib/microlib/fpfix.c                0x00000000   Number         0  dfixul.o ABSOLUTE
    ../fplib/microlib/fpfix.c                0x00000000   Number         0  dfixui.o ABSOLUTE
    ../fplib/microlib/fpflt.c                0x00000000   Number         0  dfltui.o ABSOLUTE
    ../fplib/microlib/fpmul.c                0x00000000   Number         0  dmul.o ABSOLUTE
    Library\ADC.c                            0x00000000   Number         0  adc.o ABSOLUTE
    Library\External.c                       0x00000000   Number         0  external.o ABSOLUTE
    Library\GPIO.c                           0x00000000   Number         0  gpio.o ABSOLUTE
    Library\HM10.c                           0x00000000   Number         0  hm10.o ABSOLUTE
    Library\LED.c                            0x00000000   Number         0  led.o ABSOLUTE
    Library\PWM.c                            0x00000000   Number         0  pwm.o ABSOLUTE
    Library\Serial.c                         0x00000000   Number         0  serial.o ABSOLUTE
    Library\Timer.c                          0x00000000   Number         0  timer.o ABSOLUTE
    Library\Ultrasonic.c                     0x00000000   Number         0  ultrasonic.o ABSOLUTE
    Library\Wait.c                           0x00000000   Number         0  wait.o ABSOLUTE
    Library\\ADC.c                           0x00000000   Number         0  adc.o ABSOLUTE
    Library\\External.c                      0x00000000   Number         0  external.o ABSOLUTE
    Library\\GPIO.c                          0x00000000   Number         0  gpio.o ABSOLUTE
    Library\\HM10.c                          0x00000000   Number         0  hm10.o ABSOLUTE
    Library\\LED.c                           0x00000000   Number         0  led.o ABSOLUTE
    Library\\PWM.c                           0x00000000   Number         0  pwm.o ABSOLUTE
    Library\\Serial.c                        0x00000000   Number         0  serial.o ABSOLUTE
    Library\\Timer.c                         0x00000000   Number         0  timer.o ABSOLUTE
    Library\\Ultrasonic.c                    0x00000000   Number         0  ultrasonic.o ABSOLUTE
    Library\\Wait.c                          0x00000000   Number         0  wait.o ABSOLUTE
    RTE\Device\LPC4088FET208\startup_LPC407x_8x_177x_8x.s 0x00000000   Number         0  startup_lpc407x_8x_177x_8x.o ABSOLUTE
    RTE\Device\LPC4088FET208\system_LPC407x_8x_177x_8x.c 0x00000000   Number         0  system_lpc407x_8x_177x_8x.o ABSOLUTE
    RTE\\Device\\LPC4088FET208\\system_LPC407x_8x_177x_8x.c 0x00000000   Number         0  system_lpc407x_8x_177x_8x.o ABSOLUTE
    cdrcmple.s                               0x00000000   Number         0  cdrcmple.o ABSOLUTE
    dc.s                                     0x00000000   Number         0  dc.o ABSOLUTE
    handlers.s                               0x00000000   Number         0  handlers.o ABSOLUTE
    init.s                                   0x00000000   Number         0  init.o ABSOLUTE
    main.c                                   0x00000000   Number         0  main.o ABSOLUTE
    main.c                                   0x00000000   Number         0  main.o ABSOLUTE
    .ARM.Collect$$$$00000000                 0x000000e4   Section        0  entry.o(.ARM.Collect$$$$00000000)
    .ARM.Collect$$$$00000001                 0x000000e4   Section        4  entry2.o(.ARM.Collect$$$$00000001)
    .ARM.Collect$$$$00000004                 0x000000e8   Section        4  entry5.o(.ARM.Collect$$$$00000004)
    .ARM.Collect$$$$00000008                 0x000000ec   Section        0  entry7b.o(.ARM.Collect$$$$00000008)
    .ARM.Collect$$$$0000000A                 0x000000ec   Section        0  entry8b.o(.ARM.Collect$$$$0000000A)
    .ARM.Collect$$$$0000000B                 0x000000ec   Section        8  entry9a.o(.ARM.Collect$$$$0000000B)
    .ARM.Collect$$$$0000000D                 0x000000f4   Section        0  entry10a.o(.ARM.Collect$$$$0000000D)
    .ARM.Collect$$$$0000000F                 0x000000f4   Section        0  entry11a.o(.ARM.Collect$$$$0000000F)
    .ARM.Collect$$$$00002712                 0x000000f4   Section        4  entry2.o(.ARM.Collect$$$$00002712)
    __lit__00000000                          0x000000f4   Data           4  entry2.o(.ARM.Collect$$$$00002712)
    .text                                    0x000000f8   Section       36  startup_lpc407x_8x_177x_8x.o(.text)
    $v0                                      0x000000f8   Number         0  startup_lpc407x_8x_177x_8x.o(.text)
    .text                                    0x0000011c   Section        0  memseta.o(.text)
    .text                                    0x00000140   Section        0  strcat.o(.text)
    .text                                    0x00000158   Section        0  strcmp.o(.text)
    .text                                    0x00000174   Section        0  strcpy.o(.text)
    .text                                    0x00000186   Section        0  ddiv.o(.text)
    .text                                    0x00000264   Section        0  dfltui.o(.text)
    .text                                    0x0000027e   Section        0  dfixui.o(.text)
    .text                                    0x000002b0   Section        0  uidiv.o(.text)
    .text                                    0x000002dc   Section        0  llushr.o(.text)
    .ARM.__at_0x02FC                         0x000002fc   Section        4  startup_lpc407x_8x_177x_8x.o(.ARM.__at_0x02FC)
    .text                                    0x00000300   Section        0  depilogue.o(.text)
    .text                                    0x00000300   Section        0  iusefp.o(.text)
    .text                                    0x000003bc   Section       36  init.o(.text)
    .text                                    0x000003e0   Section        0  llshl.o(.text)
    i.ADC_GetLastValue                       0x00000400   Section        0  adc.o(i.ADC_GetLastValue)
    i.ADC_GetPotans                          0x00000420   Section        0  adc.o(i.ADC_GetPotans)
    i.ADC_IRQHandler                         0x0000042c   Section        0  adc.o(i.ADC_IRQHandler)
    i.ADC_Init                               0x00000508   Section        0  adc.o(i.ADC_Init)
    i.ADC_Start                              0x00000628   Section        0  adc.o(i.ADC_Start)
    i.EINT0_IRQHandler                       0x0000063c   Section        0  main.o(i.EINT0_IRQHandler)
    i.EMBEDLED_Init                          0x00000664   Section        0  led.o(i.EMBEDLED_Init)
    i.External_Init                          0x00000698   Section        0  external.o(i.External_Init)
    i.GPIO_DIR_Write                         0x00000704   Section        0  gpio.o(i.GPIO_DIR_Write)
    i.GPIO_PIN_Write                         0x00000716   Section        0  gpio.o(i.GPIO_PIN_Write)
    i.HM10_ClearBuffer                       0x00000728   Section        0  hm10.o(i.HM10_ClearBuffer)
    i.HM10_Init                              0x00000744   Section        0  hm10.o(i.HM10_Init)
    i.HM10_ReadData                          0x000007f0   Section        0  hm10.o(i.HM10_ReadData)
    i.HM10_SendCommand                       0x00000808   Section        0  hm10.o(i.HM10_SendCommand)
    i.HM10_Write                             0x00000814   Section        0  hm10.o(i.HM10_Write)
    i.HM10_WriteData                         0x0000082c   Section        0  hm10.o(i.HM10_WriteData)
    i.IN1A_Init                              0x00000844   Section        0  gpio.o(i.IN1A_Init)
    i.IN1A_Off                               0x00000858   Section        0  gpio.o(i.IN1A_Off)
    i.IN1A_On                                0x0000086c   Section        0  gpio.o(i.IN1A_On)
    i.IN2A_Init                              0x00000880   Section        0  gpio.o(i.IN2A_Init)
    i.IN2A_Off                               0x00000894   Section        0  gpio.o(i.IN2A_Off)
    i.IN2A_On                                0x000008a8   Section        0  gpio.o(i.IN2A_On)
    i.IN3B_Init                              0x000008bc   Section        0  gpio.o(i.IN3B_Init)
    i.IN3B_Off                               0x000008d0   Section        0  gpio.o(i.IN3B_Off)
    i.IN3B_On                                0x000008e4   Section        0  gpio.o(i.IN3B_On)
    i.IN4B_Init                              0x000008f8   Section        0  gpio.o(i.IN4B_Init)
    i.IN4B_Off                               0x0000090c   Section        0  gpio.o(i.IN4B_Off)
    i.IN4B_On                                0x00000920   Section        0  gpio.o(i.IN4B_On)
    i.LED_LEFT_BACKWARD_Init                 0x00000934   Section        0  gpio.o(i.LED_LEFT_BACKWARD_Init)
    i.LED_LEFT_BACKWARD_Off                  0x00000948   Section        0  gpio.o(i.LED_LEFT_BACKWARD_Off)
    i.LED_LEFT_BACKWARD_On                   0x0000095c   Section        0  gpio.o(i.LED_LEFT_BACKWARD_On)
    i.LED_LEFT_FORWARD_Init                  0x00000970   Section        0  gpio.o(i.LED_LEFT_FORWARD_Init)
    i.LED_LEFT_FORWARD_Off                   0x00000984   Section        0  gpio.o(i.LED_LEFT_FORWARD_Off)
    i.LED_LEFT_FORWARD_On                    0x00000998   Section        0  gpio.o(i.LED_LEFT_FORWARD_On)
    i.LED_RIGHT_BACKWARD_Init                0x000009ac   Section        0  gpio.o(i.LED_RIGHT_BACKWARD_Init)
    i.LED_RIGHT_BACKWARD_Off                 0x000009c0   Section        0  gpio.o(i.LED_RIGHT_BACKWARD_Off)
    i.LED_RIGHT_BACKWARD_On                  0x000009d4   Section        0  gpio.o(i.LED_RIGHT_BACKWARD_On)
    i.LED_RIGHT_FORWARD_Init                 0x000009e8   Section        0  gpio.o(i.LED_RIGHT_FORWARD_Init)
    i.LED_RIGHT_FORWARD_Off                  0x000009fc   Section        0  gpio.o(i.LED_RIGHT_FORWARD_Off)
    i.LED_RIGHT_FORWARD_On                   0x00000a10   Section        0  gpio.o(i.LED_RIGHT_FORWARD_On)
    i.PWM_Init                               0x00000a24   Section        0  pwm.o(i.PWM_Init)
    i.PWM_Write                              0x00000ab8   Section        0  pwm.o(i.PWM_Write)
    i.Serial_ReadData                        0x00000b24   Section        0  serial.o(i.Serial_ReadData)
    i.Serial_WriteData                       0x00000b30   Section        0  serial.o(i.Serial_WriteData)
    i.SystemCoreClockUpdate                  0x00000b44   Section        0  system_lpc407x_8x_177x_8x.o(i.SystemCoreClockUpdate)
    i.SystemInit                             0x00000e18   Section        0  system_lpc407x_8x_177x_8x.o(i.SystemInit)
    i.TIMER2_IRQHandler                      0x00000f04   Section        0  ultrasonic.o(i.TIMER2_IRQHandler)
    i.TIMER3_IRQHandler                      0x00000f60   Section        0  ultrasonic.o(i.TIMER3_IRQHandler)
    i.Timer_Init                             0x00001000   Section        0  timer.o(i.Timer_Init)
    i.UART0_IRQHandler                       0x00001090   Section        0  serial.o(i.UART0_IRQHandler)
    i.UART3_IRQHandler                       0x000010f0   Section        0  hm10.o(i.UART3_IRQHandler)
    i.Ultrasonic_Capture_Timer_Init          0x00001124   Section        0  ultrasonic.o(i.Ultrasonic_Capture_Timer_Init)
    i.Ultrasonic_Init                        0x00001180   Section        0  ultrasonic.o(i.Ultrasonic_Init)
    i.Ultrasonic_Start_Trigger_Timer         0x0000119c   Section        0  ultrasonic.o(i.Ultrasonic_Start_Trigger_Timer)
    i.Ultrasonic_Trigger_Timer_Init          0x000011d4   Section        0  ultrasonic.o(i.Ultrasonic_Trigger_Timer_Init)
    i.__0sprintf$1                           0x00001258   Section        0  printf1.o(i.__0sprintf$1)
    i.__NVIC_ClearPendingIRQ                 0x00001280   Section        0  ultrasonic.o(i.__NVIC_ClearPendingIRQ)
    __NVIC_ClearPendingIRQ                   0x00001281   Thumb Code    22  ultrasonic.o(i.__NVIC_ClearPendingIRQ)
    i.__NVIC_EnableIRQ                       0x0000129c   Section        0  ultrasonic.o(i.__NVIC_EnableIRQ)
    __NVIC_EnableIRQ                         0x0000129d   Thumb Code    34  ultrasonic.o(i.__NVIC_EnableIRQ)
    i.__scatterload_copy                     0x000012be   Section       14  handlers.o(i.__scatterload_copy)
    i.__scatterload_null                     0x000012cc   Section        2  handlers.o(i.__scatterload_null)
    i.__scatterload_zeroinit                 0x000012ce   Section       14  handlers.o(i.__scatterload_zeroinit)
    i._printf_core                           0x000012dc   Section        0  printf1.o(i._printf_core)
    _printf_core                             0x000012dd   Thumb Code   336  printf1.o(i._printf_core)
    i._sputc                                 0x00001430   Section        0  printf1.o(i._sputc)
    _sputc                                   0x00001431   Thumb Code    10  printf1.o(i._sputc)
    i.fpu_init                               0x0000143c   Section        0  system_lpc407x_8x_177x_8x.o(i.fpu_init)
    i.go_backward                            0x0000148c   Section        0  gpio.o(i.go_backward)
    i.go_forward                             0x000014c0   Section        0  gpio.o(i.go_forward)
    i.init                                   0x000014e4   Section        0  main.o(i.init)
    i.main                                   0x00001590   Section        0  main.o(i.main)
    i.motor_command                          0x0000159c   Section        0  main.o(i.motor_command)
    i.stop                                   0x000016b0   Section        0  gpio.o(i.stop)
    i.turn_left                              0x000016d4   Section        0  gpio.o(i.turn_left)
    i.turn_right                             0x000017a0   Section        0  gpio.o(i.turn_right)
    i.ultrasonic_get_distance                0x0000186c   Section        0  ultrasonic.o(i.ultrasonic_get_distance)
    i.update                                 0x00001888   Section        0  main.o(i.update)
    .data                                    0x10000000   Section       60  main.o(.data)
    .data                                    0x1000003c   Section       20  adc.o(.data)
    .data                                    0x10000050   Section        9  serial.o(.data)
    .data                                    0x10000059   Section        2  hm10.o(.data)
    .data                                    0x1000005c   Section       19  ultrasonic.o(.data)
    .data                                    0x10000070   Section       16  system_lpc407x_8x_177x_8x.o(.data)
    .bss                                     0x10000080   Section     2662  main.o(.bss)
    .bss                                     0x10000ae6   Section      256  hm10.o(.bss)
    STACK                                    0x10000be8   Section     1024  startup_lpc407x_8x_177x_8x.o(STACK)

    Global Symbols

    Symbol Name                              Value     Ov Type        Size  Object(Section)

    BuildAttributes$$THM_ISAv4$E$P$D$K$B$S$7EM$VFPi3$EXTD16$VFPS$VFMA$PE$A:L22UL41UL21$X:L11$S22US41US21$IEEE1$IW$USESV6$~STKCKD$USESV7$~SHL$OSPACE$ROPI$EBA8$MICROLIB$REQ8$PRES8$EABIv2 0x00000000   Number         0  anon$$obj.o ABSOLUTE
    __ARM_use_no_argv                        0x00000000   Number         0  main.o ABSOLUTE
    __Vectors                                0x00000000   Data           4  startup_lpc407x_8x_177x_8x.o(RESET)
    _printf_a                                0x00000000   Number         0  stubs.o ABSOLUTE
    _printf_c                                0x00000000   Number         0  stubs.o ABSOLUTE
    _printf_charcount                        0x00000000   Number         0  stubs.o ABSOLUTE
    _printf_d                                0x00000000   Number         0  stubs.o ABSOLUTE
    _printf_e                                0x00000000   Number         0  stubs.o ABSOLUTE
    _printf_f                                0x00000000   Number         0  stubs.o ABSOLUTE
    _printf_flags                            0x00000000   Number         0  stubs.o ABSOLUTE
    _printf_fp_dec                           0x00000000   Number         0  stubs.o ABSOLUTE
    _printf_fp_hex                           0x00000000   Number         0  stubs.o ABSOLUTE
    _printf_g                                0x00000000   Number         0  stubs.o ABSOLUTE
    _printf_i                                0x00000000   Number         0  stubs.o ABSOLUTE
    _printf_int_dec                          0x00000000   Number         0  stubs.o ABSOLUTE
    _printf_l                                0x00000000   Number         0  stubs.o ABSOLUTE
    _printf_lc                               0x00000000   Number         0  stubs.o ABSOLUTE
    _printf_ll                               0x00000000   Number         0  stubs.o ABSOLUTE
    _printf_lld                              0x00000000   Number         0  stubs.o ABSOLUTE
    _printf_lli                              0x00000000   Number         0  stubs.o ABSOLUTE
    _printf_llo                              0x00000000   Number         0  stubs.o ABSOLUTE
    _printf_llu                              0x00000000   Number         0  stubs.o ABSOLUTE
    _printf_llx                              0x00000000   Number         0  stubs.o ABSOLUTE
    _printf_longlong_dec                     0x00000000   Number         0  stubs.o ABSOLUTE
    _printf_longlong_hex                     0x00000000   Number         0  stubs.o ABSOLUTE
    _printf_longlong_oct                     0x00000000   Number         0  stubs.o ABSOLUTE
    _printf_ls                               0x00000000   Number         0  stubs.o ABSOLUTE
    _printf_mbtowc                           0x00000000   Number         0  stubs.o ABSOLUTE
    _printf_n                                0x00000000   Number         0  stubs.o ABSOLUTE
    _printf_o                                0x00000000   Number         0  stubs.o ABSOLUTE
    _printf_p                                0x00000000   Number         0  stubs.o ABSOLUTE
    _printf_percent                          0x00000000   Number         0  stubs.o ABSOLUTE
    _printf_pre_padding                      0x00000000   Number         0  stubs.o ABSOLUTE
    _printf_return_value                     0x00000000   Number         0  stubs.o ABSOLUTE
    _printf_s                                0x00000000   Number         0  stubs.o ABSOLUTE
    _printf_sizespec                         0x00000000   Number         0  stubs.o ABSOLUTE
    _printf_str                              0x00000000   Number         0  stubs.o ABSOLUTE
    _printf_truncate_signed                  0x00000000   Number         0  stubs.o ABSOLUTE
    _printf_truncate_unsigned                0x00000000   Number         0  stubs.o ABSOLUTE
    _printf_u                                0x00000000   Number         0  stubs.o ABSOLUTE
    _printf_wc                               0x00000000   Number         0  stubs.o ABSOLUTE
    _printf_wctomb                           0x00000000   Number         0  stubs.o ABSOLUTE
    _printf_widthprec                        0x00000000   Number         0  stubs.o ABSOLUTE
    _printf_x                                0x00000000   Number         0  stubs.o ABSOLUTE
    __cpp_initialize__aeabi_                  - Undefined Weak Reference
    __cxa_finalize                            - Undefined Weak Reference
    __decompress                              - Undefined Weak Reference
    _clock_init                               - Undefined Weak Reference
    _microlib_exit                            - Undefined Weak Reference
    __main                                   0x000000e5   Thumb Code     0  entry.o(.ARM.Collect$$$$00000000)
    _main_stk                                0x000000e5   Thumb Code     0  entry2.o(.ARM.Collect$$$$00000001)
    _main_scatterload                        0x000000e9   Thumb Code     0  entry5.o(.ARM.Collect$$$$00000004)
    __main_after_scatterload                 0x000000ed   Thumb Code     0  entry5.o(.ARM.Collect$$$$00000004)
    _main_clock                              0x000000ed   Thumb Code     0  entry7b.o(.ARM.Collect$$$$00000008)
    _main_cpp_init                           0x000000ed   Thumb Code     0  entry8b.o(.ARM.Collect$$$$0000000A)
    _main_init                               0x000000ed   Thumb Code     0  entry9a.o(.ARM.Collect$$$$0000000B)
    __rt_final_cpp                           0x000000f5   Thumb Code     0  entry10a.o(.ARM.Collect$$$$0000000D)
    __rt_final_exit                          0x000000f5   Thumb Code     0  entry11a.o(.ARM.Collect$$$$0000000F)
    Reset_Handler                            0x000000f9   Thumb Code     8  startup_lpc407x_8x_177x_8x.o(.text)
    NMI_Handler                              0x00000101   Thumb Code     2  startup_lpc407x_8x_177x_8x.o(.text)
    HardFault_Handler                        0x00000103   Thumb Code     2  startup_lpc407x_8x_177x_8x.o(.text)
    MemManage_Handler                        0x00000105   Thumb Code     2  startup_lpc407x_8x_177x_8x.o(.text)
    BusFault_Handler                         0x00000107   Thumb Code     2  startup_lpc407x_8x_177x_8x.o(.text)
    UsageFault_Handler                       0x00000109   Thumb Code     2  startup_lpc407x_8x_177x_8x.o(.text)
    SVC_Handler                              0x0000010b   Thumb Code     2  startup_lpc407x_8x_177x_8x.o(.text)
    DebugMon_Handler                         0x0000010d   Thumb Code     2  startup_lpc407x_8x_177x_8x.o(.text)
    PendSV_Handler                           0x0000010f   Thumb Code     2  startup_lpc407x_8x_177x_8x.o(.text)
    SysTick_Handler                          0x00000111   Thumb Code     2  startup_lpc407x_8x_177x_8x.o(.text)
    BOD_IRQHandler                           0x00000113   Thumb Code     0  startup_lpc407x_8x_177x_8x.o(.text)
    CANActivity_IRQHandler                   0x00000113   Thumb Code     0  startup_lpc407x_8x_177x_8x.o(.text)
    CAN_IRQHandler                           0x00000113   Thumb Code     0  startup_lpc407x_8x_177x_8x.o(.text)
    DMA_IRQHandler                           0x00000113   Thumb Code     0  startup_lpc407x_8x_177x_8x.o(.text)
    EEPROM_IRQHandler                        0x00000113   Thumb Code     0  startup_lpc407x_8x_177x_8x.o(.text)
    EINT1_IRQHandler                         0x00000113   Thumb Code     0  startup_lpc407x_8x_177x_8x.o(.text)
    EINT2_IRQHandler                         0x00000113   Thumb Code     0  startup_lpc407x_8x_177x_8x.o(.text)
    EINT3_IRQHandler                         0x00000113   Thumb Code     0  startup_lpc407x_8x_177x_8x.o(.text)
    ENET_IRQHandler                          0x00000113   Thumb Code     0  startup_lpc407x_8x_177x_8x.o(.text)
    GPIO_IRQHandler                          0x00000113   Thumb Code     0  startup_lpc407x_8x_177x_8x.o(.text)
    I2C0_IRQHandler                          0x00000113   Thumb Code     0  startup_lpc407x_8x_177x_8x.o(.text)
    I2C1_IRQHandler                          0x00000113   Thumb Code     0  startup_lpc407x_8x_177x_8x.o(.text)
    I2C2_IRQHandler                          0x00000113   Thumb Code     0  startup_lpc407x_8x_177x_8x.o(.text)
    I2S_IRQHandler                           0x00000113   Thumb Code     0  startup_lpc407x_8x_177x_8x.o(.text)
    LCD_IRQHandler                           0x00000113   Thumb Code     0  startup_lpc407x_8x_177x_8x.o(.text)
    MCI_IRQHandler                           0x00000113   Thumb Code     0  startup_lpc407x_8x_177x_8x.o(.text)
    MCPWM_IRQHandler                         0x00000113   Thumb Code     0  startup_lpc407x_8x_177x_8x.o(.text)
    PLL0_IRQHandler                          0x00000113   Thumb Code     0  startup_lpc407x_8x_177x_8x.o(.text)
    PLL1_IRQHandler                          0x00000113   Thumb Code     0  startup_lpc407x_8x_177x_8x.o(.text)
    PWM0_IRQHandler                          0x00000113   Thumb Code     0  startup_lpc407x_8x_177x_8x.o(.text)
    PWM1_IRQHandler                          0x00000113   Thumb Code     0  startup_lpc407x_8x_177x_8x.o(.text)
    QEI_IRQHandler                           0x00000113   Thumb Code     0  startup_lpc407x_8x_177x_8x.o(.text)
    RTC_IRQHandler                           0x00000113   Thumb Code     0  startup_lpc407x_8x_177x_8x.o(.text)
    SSP0_IRQHandler                          0x00000113   Thumb Code     0  startup_lpc407x_8x_177x_8x.o(.text)
    SSP1_IRQHandler                          0x00000113   Thumb Code     0  startup_lpc407x_8x_177x_8x.o(.text)
    SSP2_IRQHandler                          0x00000113   Thumb Code     0  startup_lpc407x_8x_177x_8x.o(.text)
    TIMER0_IRQHandler                        0x00000113   Thumb Code     0  startup_lpc407x_8x_177x_8x.o(.text)
    TIMER1_IRQHandler                        0x00000113   Thumb Code     0  startup_lpc407x_8x_177x_8x.o(.text)
    UART1_IRQHandler                         0x00000113   Thumb Code     0  startup_lpc407x_8x_177x_8x.o(.text)
    UART2_IRQHandler                         0x00000113   Thumb Code     0  startup_lpc407x_8x_177x_8x.o(.text)
    UART4_IRQHandler                         0x00000113   Thumb Code     0  startup_lpc407x_8x_177x_8x.o(.text)
    USBActivity_IRQHandler                   0x00000113   Thumb Code     0  startup_lpc407x_8x_177x_8x.o(.text)
    USB_IRQHandler                           0x00000113   Thumb Code     0  startup_lpc407x_8x_177x_8x.o(.text)
    WDT_IRQHandler                           0x00000113   Thumb Code     0  startup_lpc407x_8x_177x_8x.o(.text)
    __aeabi_memset                           0x0000011d   Thumb Code    14  memseta.o(.text)
    __aeabi_memset4                          0x0000011d   Thumb Code     0  memseta.o(.text)
    __aeabi_memset8                          0x0000011d   Thumb Code     0  memseta.o(.text)
    __aeabi_memclr                           0x0000012b   Thumb Code     4  memseta.o(.text)
    __aeabi_memclr4                          0x0000012b   Thumb Code     0  memseta.o(.text)
    __aeabi_memclr8                          0x0000012b   Thumb Code     0  memseta.o(.text)
    _memset$wrapper                          0x0000012f   Thumb Code    18  memseta.o(.text)
    strcat                                   0x00000141   Thumb Code    24  strcat.o(.text)
    strcmp                                   0x00000159   Thumb Code    28  strcmp.o(.text)
    strcpy                                   0x00000175   Thumb Code    18  strcpy.o(.text)
    __aeabi_ddiv                             0x00000187   Thumb Code   222  ddiv.o(.text)
    __aeabi_ui2d                             0x00000265   Thumb Code    26  dfltui.o(.text)
    __aeabi_d2uiz                            0x0000027f   Thumb Code    50  dfixui.o(.text)
    __aeabi_uidiv                            0x000002b1   Thumb Code     0  uidiv.o(.text)
    __aeabi_uidivmod                         0x000002b1   Thumb Code    44  uidiv.o(.text)
    __aeabi_llsr                             0x000002dd   Thumb Code    32  llushr.o(.text)
    _ll_ushift_r                             0x000002dd   Thumb Code     0  llushr.o(.text)
    __I$use$fp                               0x00000301   Thumb Code     0  iusefp.o(.text)
    _double_round                            0x00000301   Thumb Code    30  depilogue.o(.text)
    _double_epilogue                         0x0000031f   Thumb Code   156  depilogue.o(.text)
    __scatterload                            0x000003bd   Thumb Code    28  init.o(.text)
    __scatterload_rt2                        0x000003bd   Thumb Code     0  init.o(.text)
    __aeabi_llsl                             0x000003e1   Thumb Code    30  llshl.o(.text)
    _ll_shift_l                              0x000003e1   Thumb Code     0  llshl.o(.text)
    ADC_GetLastValue                         0x00000401   Thumb Code    24  adc.o(i.ADC_GetLastValue)
    ADC_GetPotans                            0x00000421   Thumb Code     6  adc.o(i.ADC_GetPotans)
    ADC_IRQHandler                           0x0000042d   Thumb Code   200  adc.o(i.ADC_IRQHandler)
    ADC_Init                                 0x00000509   Thumb Code   274  adc.o(i.ADC_Init)
    ADC_Start                                0x00000629   Thumb Code    14  adc.o(i.ADC_Start)
    EINT0_IRQHandler                         0x0000063d   Thumb Code    26  main.o(i.EINT0_IRQHandler)
    EMBEDLED_Init                            0x00000665   Thumb Code    48  led.o(i.EMBEDLED_Init)
    External_Init                            0x00000699   Thumb Code    96  external.o(i.External_Init)
    GPIO_DIR_Write                           0x00000705   Thumb Code    18  gpio.o(i.GPIO_DIR_Write)
    GPIO_PIN_Write                           0x00000717   Thumb Code    18  gpio.o(i.GPIO_PIN_Write)
    HM10_ClearBuffer                         0x00000729   Thumb Code    18  hm10.o(i.HM10_ClearBuffer)
    HM10_Init                                0x00000745   Thumb Code   154  hm10.o(i.HM10_Init)
    HM10_ReadData                            0x000007f1   Thumb Code    20  hm10.o(i.HM10_ReadData)
    HM10_SendCommand                         0x00000809   Thumb Code    12  hm10.o(i.HM10_SendCommand)
    HM10_Write                               0x00000815   Thumb Code    22  hm10.o(i.HM10_Write)
    HM10_WriteData                           0x0000082d   Thumb Code    20  hm10.o(i.HM10_WriteData)
    IN1A_Init                                0x00000845   Thumb Code    14  gpio.o(i.IN1A_Init)
    IN1A_Off                                 0x00000859   Thumb Code    16  gpio.o(i.IN1A_Off)
    IN1A_On                                  0x0000086d   Thumb Code    14  gpio.o(i.IN1A_On)
    IN2A_Init                                0x00000881   Thumb Code    14  gpio.o(i.IN2A_Init)
    IN2A_Off                                 0x00000895   Thumb Code    16  gpio.o(i.IN2A_Off)
    IN2A_On                                  0x000008a9   Thumb Code    14  gpio.o(i.IN2A_On)
    IN3B_Init                                0x000008bd   Thumb Code    14  gpio.o(i.IN3B_Init)
    IN3B_Off                                 0x000008d1   Thumb Code    14  gpio.o(i.IN3B_Off)
    IN3B_On                                  0x000008e5   Thumb Code    14  gpio.o(i.IN3B_On)
    IN4B_Init                                0x000008f9   Thumb Code    14  gpio.o(i.IN4B_Init)
    IN4B_Off                                 0x0000090d   Thumb Code    14  gpio.o(i.IN4B_Off)
    IN4B_On                                  0x00000921   Thumb Code    14  gpio.o(i.IN4B_On)
    LED_LEFT_BACKWARD_Init                   0x00000935   Thumb Code    14  gpio.o(i.LED_LEFT_BACKWARD_Init)
    LED_LEFT_BACKWARD_Off                    0x00000949   Thumb Code    14  gpio.o(i.LED_LEFT_BACKWARD_Off)
    LED_LEFT_BACKWARD_On                     0x0000095d   Thumb Code    14  gpio.o(i.LED_LEFT_BACKWARD_On)
    LED_LEFT_FORWARD_Init                    0x00000971   Thumb Code    14  gpio.o(i.LED_LEFT_FORWARD_Init)
    LED_LEFT_FORWARD_Off                     0x00000985   Thumb Code    14  gpio.o(i.LED_LEFT_FORWARD_Off)
    LED_LEFT_FORWARD_On                      0x00000999   Thumb Code    14  gpio.o(i.LED_LEFT_FORWARD_On)
    LED_RIGHT_BACKWARD_Init                  0x000009ad   Thumb Code    14  gpio.o(i.LED_RIGHT_BACKWARD_Init)
    LED_RIGHT_BACKWARD_Off                   0x000009c1   Thumb Code    14  gpio.o(i.LED_RIGHT_BACKWARD_Off)
    LED_RIGHT_BACKWARD_On                    0x000009d5   Thumb Code    14  gpio.o(i.LED_RIGHT_BACKWARD_On)
    LED_RIGHT_FORWARD_Init                   0x000009e9   Thumb Code    14  gpio.o(i.LED_RIGHT_FORWARD_Init)
    LED_RIGHT_FORWARD_Off                    0x000009fd   Thumb Code    16  gpio.o(i.LED_RIGHT_FORWARD_Off)
    LED_RIGHT_FORWARD_On                     0x00000a11   Thumb Code    14  gpio.o(i.LED_RIGHT_FORWARD_On)
    PWM_Init                                 0x00000a25   Thumb Code   130  pwm.o(i.PWM_Init)
    PWM_Write                                0x00000ab9   Thumb Code    96  pwm.o(i.PWM_Write)
    Serial_ReadData                          0x00000b25   Thumb Code     6  serial.o(i.Serial_ReadData)
    Serial_WriteData                         0x00000b31   Thumb Code    12  serial.o(i.Serial_WriteData)
    SystemCoreClockUpdate                    0x00000b45   Thumb Code   696  system_lpc407x_8x_177x_8x.o(i.SystemCoreClockUpdate)
    SystemInit                               0x00000e19   Thumb Code   220  system_lpc407x_8x_177x_8x.o(i.SystemInit)
    TIMER2_IRQHandler                        0x00000f05   Thumb Code    82  ultrasonic.o(i.TIMER2_IRQHandler)
    TIMER3_IRQHandler                        0x00000f61   Thumb Code   136  ultrasonic.o(i.TIMER3_IRQHandler)
    Timer_Init                               0x00001001   Thumb Code   136  timer.o(i.Timer_Init)
    UART0_IRQHandler                         0x00001091   Thumb Code    74  serial.o(i.UART0_IRQHandler)
    UART3_IRQHandler                         0x000010f1   Thumb Code    38  hm10.o(i.UART3_IRQHandler)
    Ultrasonic_Capture_Timer_Init            0x00001125   Thumb Code    84  ultrasonic.o(i.Ultrasonic_Capture_Timer_Init)
    Ultrasonic_Init                          0x00001181   Thumb Code    24  ultrasonic.o(i.Ultrasonic_Init)
    Ultrasonic_Start_Trigger_Timer           0x0000119d   Thumb Code    52  ultrasonic.o(i.Ultrasonic_Start_Trigger_Timer)
    Ultrasonic_Trigger_Timer_Init            0x000011d5   Thumb Code   116  ultrasonic.o(i.Ultrasonic_Trigger_Timer_Init)
    __0sprintf$1                             0x00001259   Thumb Code    34  printf1.o(i.__0sprintf$1)
    __1sprintf$1                             0x00001259   Thumb Code     0  printf1.o(i.__0sprintf$1)
    __2sprintf                               0x00001259   Thumb Code     0  printf1.o(i.__0sprintf$1)
    __scatterload_copy                       0x000012bf   Thumb Code    14  handlers.o(i.__scatterload_copy)
    __scatterload_null                       0x000012cd   Thumb Code     2  handlers.o(i.__scatterload_null)
    __scatterload_zeroinit                   0x000012cf   Thumb Code    14  handlers.o(i.__scatterload_zeroinit)
    fpu_init                                 0x0000143d   Thumb Code    62  system_lpc407x_8x_177x_8x.o(i.fpu_init)
    go_backward                              0x0000148d   Thumb Code    52  gpio.o(i.go_backward)
    go_forward                               0x000014c1   Thumb Code    36  gpio.o(i.go_forward)
    init                                     0x000014e5   Thumb Code   154  main.o(i.init)
    main                                     0x00001591   Thumb Code    12  main.o(i.main)
    motor_command                            0x0000159d   Thumb Code   214  main.o(i.motor_command)
    stop                                     0x000016b1   Thumb Code    36  gpio.o(i.stop)
    turn_left                                0x000016d5   Thumb Code   190  gpio.o(i.turn_left)
    turn_right                               0x000017a1   Thumb Code   190  gpio.o(i.turn_right)
    ultrasonic_get_distance                  0x0000186d   Thumb Code    18  ultrasonic.o(i.ultrasonic_get_distance)
    update                                   0x00001889   Thumb Code   932  main.o(i.update)
    Region$$Table$$Base                      0x00001d3c   Number         0  anon$$obj.o(Region$$Table)
    Region$$Table$$Limit                     0x00001d5c   Number         0  anon$$obj.o(Region$$Table)
    TEST_MODE                                0x10000000   Data           4  main.o(.data)
    AUTO_MODE                                0x10000004   Data           4  main.o(.data)
    START                                    0x10000008   Data           4  main.o(.data)
    FINISH                                   0x1000000c   Data           4  main.o(.data)
    spin_counter                             0x10000010   Data           4  main.o(.data)
    mode                                     0x10000014   Data           5  main.o(.data)
    potans_value                             0x1000001c   Data           4  main.o(.data)
    ldr_value                                0x10000020   Data           4  main.o(.data)
    ldr_value_sum                            0x10000024   Data           4  main.o(.data)
    count                                    0x10000028   Data           4  main.o(.data)
    distance                                 0x1000002c   Data           4  main.o(.data)
    previous_distance                        0x10000030   Data           4  main.o(.data)
    temp                                     0x10000034   Data           1  main.o(.data)
    i                                        0x10000038   Data           4  main.o(.data)
    ADC_Last                                 0x1000003c   Data           4  adc.o(.data)
    ADC_Right                                0x10000040   Data           4  adc.o(.data)
    ADC_Left                                 0x10000044   Data           4  adc.o(.data)
    ADC_Potans                               0x10000048   Data           4  adc.o(.data)
    counter                                  0x1000004c   Data           4  adc.o(.data)
    serialReceivedCharacter                  0x10000050   Data           1  serial.o(.data)
    serialNewDataAvailable                   0x10000051   Data           1  serial.o(.data)
    serialTransmitData                       0x10000054   Data           4  serial.o(.data)
    serialTransmitCompleted                  0x10000058   Data           1  serial.o(.data)
    HM10CurrentBufferIndex                   0x10000059   Data           1  hm10.o(.data)
    HM10NewDataAvailable                     0x1000005a   Data           1  hm10.o(.data)
    ultrasonicSensorRisingCaptureTime        0x1000005c   Data           4  ultrasonic.o(.data)
    ultrasonicSensorFallingCaptureTime       0x10000060   Data           4  ultrasonic.o(.data)
    ultrasonicSensorDuration                 0x10000064   Data           4  ultrasonic.o(.data)
    ultrasonicSensorDistance                 0x10000068   Data           4  ultrasonic.o(.data)
    ultrasonicSensorNewDataAvailable         0x1000006c   Data           1  ultrasonic.o(.data)
    ultrasonicSensorTriggerStart             0x1000006d   Data           1  ultrasonic.o(.data)
    ultrasonicSensorCaptureRisingEdge        0x1000006e   Data           1  ultrasonic.o(.data)
    SystemCoreClock                          0x10000070   Data           4  system_lpc407x_8x_177x_8x.o(.data)
    PeripheralClock                          0x10000074   Data           4  system_lpc407x_8x_177x_8x.o(.data)
    EMCClock                                 0x10000078   Data           4  system_lpc407x_8x_177x_8x.o(.data)
    USBClock                                 0x1000007c   Data           4  system_lpc407x_8x_177x_8x.o(.data)
    LDR_VALUES                               0x10000080   Data        2000  main.o(.bss)
    last_behaviour                           0x10000850   Data         255  main.o(.bss)
    characters                               0x1000094f   Data         128  main.o(.bss)
    status                                   0x100009cf   Data         255  main.o(.bss)
    numeric_values                           0x10000ace   Data          12  main.o(.bss)
    numeric_empten                           0x10000ada   Data          12  main.o(.bss)
    HM10Buffer                               0x10000ae6   Data         256  hm10.o(.bss)
    __initial_sp                             0x10000fe8   Data           0  startup_lpc407x_8x_177x_8x.o(STACK)



==============================================================================

Memory Map of the image

  Image Entry point : 0x000000f9

  Load Region LR_1 (Base: 0x00000000, Size: 0x00001ddc, Max: 0xffffffff, ABSOLUTE)

    Execution Region ER_RO (Exec base: 0x00000000, Load base: 0x00000000, Size: 0x00001d5c, Max: 0xffffffff, ABSOLUTE)

    Exec Addr    Load Addr    Size         Type   Attr      Idx    E Section Name        Object

    0x00000000   0x00000000   0x000000e4   Data   RO          906    RESET               startup_lpc407x_8x_177x_8x.o
    0x000000e4   0x000000e4   0x00000000   Code   RO          956  * .ARM.Collect$$$$00000000  mc_w.l(entry.o)
    0x000000e4   0x000000e4   0x00000004   Code   RO         1234    .ARM.Collect$$$$00000001  mc_w.l(entry2.o)
    0x000000e8   0x000000e8   0x00000004   Code   RO         1237    .ARM.Collect$$$$00000004  mc_w.l(entry5.o)
    0x000000ec   0x000000ec   0x00000000   Code   RO         1239    .ARM.Collect$$$$00000008  mc_w.l(entry7b.o)
    0x000000ec   0x000000ec   0x00000000   Code   RO         1241    .ARM.Collect$$$$0000000A  mc_w.l(entry8b.o)
    0x000000ec   0x000000ec   0x00000008   Code   RO         1242    .ARM.Collect$$$$0000000B  mc_w.l(entry9a.o)
    0x000000f4   0x000000f4   0x00000000   Code   RO         1244    .ARM.Collect$$$$0000000D  mc_w.l(entry10a.o)
    0x000000f4   0x000000f4   0x00000000   Code   RO         1246    .ARM.Collect$$$$0000000F  mc_w.l(entry11a.o)
    0x000000f4   0x000000f4   0x00000004   Code   RO         1235    .ARM.Collect$$$$00002712  mc_w.l(entry2.o)
    0x000000f8   0x000000f8   0x00000024   Code   RO          908  * .text               startup_lpc407x_8x_177x_8x.o
    0x0000011c   0x0000011c   0x00000024   Code   RO          959    .text               mc_w.l(memseta.o)
    0x00000140   0x00000140   0x00000018   Code   RO          961    .text               mc_w.l(strcat.o)
    0x00000158   0x00000158   0x0000001c   Code   RO          963    .text               mc_w.l(strcmp.o)
    0x00000174   0x00000174   0x00000012   Code   RO          965    .text               mc_w.l(strcpy.o)
    0x00000186   0x00000186   0x000000de   Code   RO         1228    .text               mf_w.l(ddiv.o)
    0x00000264   0x00000264   0x0000001a   Code   RO         1230    .text               mf_w.l(dfltui.o)
    0x0000027e   0x0000027e   0x00000032   Code   RO         1232    .text               mf_w.l(dfixui.o)
    0x000002b0   0x000002b0   0x0000002c   Code   RO         1251    .text               mc_w.l(uidiv.o)
    0x000002dc   0x000002dc   0x00000020   Code   RO         1255    .text               mc_w.l(llushr.o)
    0x000002fc   0x000002fc   0x00000004   Code   RO          907    .ARM.__at_0x02FC    startup_lpc407x_8x_177x_8x.o
    0x00000300   0x00000300   0x00000000   Code   RO         1257    .text               mc_w.l(iusefp.o)
    0x00000300   0x00000300   0x000000ba   Code   RO         1258    .text               mf_w.l(depilogue.o)
    0x000003ba   0x000003ba   0x00000002   PAD
    0x000003bc   0x000003bc   0x00000024   Code   RO         1268    .text               mc_w.l(init.o)
    0x000003e0   0x000003e0   0x0000001e   Code   RO         1271    .text               mc_w.l(llshl.o)
    0x000003fe   0x000003fe   0x00000002   PAD
    0x00000400   0x00000400   0x00000020   Code   RO          127    i.ADC_GetLastValue  adc.o
    0x00000420   0x00000420   0x0000000c   Code   RO          128    i.ADC_GetPotans     adc.o
    0x0000042c   0x0000042c   0x000000dc   Code   RO          129    i.ADC_IRQHandler    adc.o
    0x00000508   0x00000508   0x00000120   Code   RO          130    i.ADC_Init          adc.o
    0x00000628   0x00000628   0x00000014   Code   RO          131    i.ADC_Start         adc.o
    0x0000063c   0x0000063c   0x00000028   Code   RO            4    i.EINT0_IRQHandler  main.o
    0x00000664   0x00000664   0x00000034   Code   RO          716    i.EMBEDLED_Init     led.o
    0x00000698   0x00000698   0x0000006c   Code   RO          883    i.External_Init     external.o
    0x00000704   0x00000704   0x00000012   Code   RO          218    i.GPIO_DIR_Write    gpio.o
    0x00000716   0x00000716   0x00000012   Code   RO          219    i.GPIO_PIN_Write    gpio.o
    0x00000728   0x00000728   0x0000001c   Code   RO          550    i.HM10_ClearBuffer  hm10.o
    0x00000744   0x00000744   0x000000ac   Code   RO          551    i.HM10_Init         hm10.o
    0x000007f0   0x000007f0   0x00000018   Code   RO          552    i.HM10_ReadData     hm10.o
    0x00000808   0x00000808   0x0000000c   Code   RO          553    i.HM10_SendCommand  hm10.o
    0x00000814   0x00000814   0x00000016   Code   RO          554    i.HM10_Write        hm10.o
    0x0000082a   0x0000082a   0x00000002   PAD
    0x0000082c   0x0000082c   0x00000018   Code   RO          555    i.HM10_WriteData    hm10.o
    0x00000844   0x00000844   0x00000014   Code   RO          220    i.IN1A_Init         gpio.o
    0x00000858   0x00000858   0x00000014   Code   RO          221    i.IN1A_Off          gpio.o
    0x0000086c   0x0000086c   0x00000014   Code   RO          222    i.IN1A_On           gpio.o
    0x00000880   0x00000880   0x00000014   Code   RO          223    i.IN2A_Init         gpio.o
    0x00000894   0x00000894   0x00000014   Code   RO          224    i.IN2A_Off          gpio.o
    0x000008a8   0x000008a8   0x00000014   Code   RO          225    i.IN2A_On           gpio.o
    0x000008bc   0x000008bc   0x00000014   Code   RO          226    i.IN3B_Init         gpio.o
    0x000008d0   0x000008d0   0x00000014   Code   RO          227    i.IN3B_Off          gpio.o
    0x000008e4   0x000008e4   0x00000014   Code   RO          228    i.IN3B_On           gpio.o
    0x000008f8   0x000008f8   0x00000014   Code   RO          229    i.IN4B_Init         gpio.o
    0x0000090c   0x0000090c   0x00000014   Code   RO          230    i.IN4B_Off          gpio.o
    0x00000920   0x00000920   0x00000014   Code   RO          231    i.IN4B_On           gpio.o
    0x00000934   0x00000934   0x00000014   Code   RO          232    i.LED_LEFT_BACKWARD_Init  gpio.o
    0x00000948   0x00000948   0x00000014   Code   RO          233    i.LED_LEFT_BACKWARD_Off  gpio.o
    0x0000095c   0x0000095c   0x00000014   Code   RO          234    i.LED_LEFT_BACKWARD_On  gpio.o
    0x00000970   0x00000970   0x00000014   Code   RO          235    i.LED_LEFT_FORWARD_Init  gpio.o
    0x00000984   0x00000984   0x00000014   Code   RO          236    i.LED_LEFT_FORWARD_Off  gpio.o
    0x00000998   0x00000998   0x00000014   Code   RO          237    i.LED_LEFT_FORWARD_On  gpio.o
    0x000009ac   0x000009ac   0x00000014   Code   RO          238    i.LED_RIGHT_BACKWARD_Init  gpio.o
    0x000009c0   0x000009c0   0x00000014   Code   RO          239    i.LED_RIGHT_BACKWARD_Off  gpio.o
    0x000009d4   0x000009d4   0x00000014   Code   RO          240    i.LED_RIGHT_BACKWARD_On  gpio.o
    0x000009e8   0x000009e8   0x00000014   Code   RO          241    i.LED_RIGHT_FORWARD_Init  gpio.o
    0x000009fc   0x000009fc   0x00000014   Code   RO          242    i.LED_RIGHT_FORWARD_Off  gpio.o
    0x00000a10   0x00000a10   0x00000014   Code   RO          243    i.LED_RIGHT_FORWARD_On  gpio.o
    0x00000a24   0x00000a24   0x00000094   Code   RO          463    i.PWM_Init          pwm.o
    0x00000ab8   0x00000ab8   0x0000006c   Code   RO          464    i.PWM_Write         pwm.o
    0x00000b24   0x00000b24   0x0000000c   Code   RO          499    i.Serial_ReadData   serial.o
    0x00000b30   0x00000b30   0x00000014   Code   RO          500    i.Serial_WriteData  serial.o
    0x00000b44   0x00000b44   0x000002d4   Code   RO          917    i.SystemCoreClockUpdate  system_lpc407x_8x_177x_8x.o
    0x00000e18   0x00000e18   0x000000ec   Code   RO          918    i.SystemInit        system_lpc407x_8x_177x_8x.o
    0x00000f04   0x00000f04   0x0000005c   Code   RO          626    i.TIMER2_IRQHandler  ultrasonic.o
    0x00000f60   0x00000f60   0x000000a0   Code   RO          627    i.TIMER3_IRQHandler  ultrasonic.o
    0x00001000   0x00001000   0x00000090   Code   RO          191    i.Timer_Init        timer.o
    0x00001090   0x00001090   0x00000060   Code   RO          501    i.UART0_IRQHandler  serial.o
    0x000010f0   0x000010f0   0x00000034   Code   RO          556    i.UART3_IRQHandler  hm10.o
    0x00001124   0x00001124   0x0000005c   Code   RO          628    i.Ultrasonic_Capture_Timer_Init  ultrasonic.o
    0x00001180   0x00001180   0x0000001c   Code   RO          629    i.Ultrasonic_Init   ultrasonic.o
    0x0000119c   0x0000119c   0x00000038   Code   RO          630    i.Ultrasonic_Start_Trigger_Timer  ultrasonic.o
    0x000011d4   0x000011d4   0x00000084   Code   RO          631    i.Ultrasonic_Trigger_Timer_Init  ultrasonic.o
    0x00001258   0x00001258   0x00000028   Code   RO         1014    i.__0sprintf$1      mc_w.l(printf1.o)
    0x00001280   0x00001280   0x0000001c   Code   RO          632    i.__NVIC_ClearPendingIRQ  ultrasonic.o
    0x0000129c   0x0000129c   0x00000022   Code   RO          633    i.__NVIC_EnableIRQ  ultrasonic.o
    0x000012be   0x000012be   0x0000000e   Code   RO         1278    i.__scatterload_copy  mc_w.l(handlers.o)
    0x000012cc   0x000012cc   0x00000002   Code   RO         1279    i.__scatterload_null  mc_w.l(handlers.o)
    0x000012ce   0x000012ce   0x0000000e   Code   RO         1280    i.__scatterload_zeroinit  mc_w.l(handlers.o)
    0x000012dc   0x000012dc   0x00000154   Code   RO         1019    i._printf_core      mc_w.l(printf1.o)
    0x00001430   0x00001430   0x0000000a   Code   RO         1021    i._sputc            mc_w.l(printf1.o)
    0x0000143a   0x0000143a   0x00000002   PAD
    0x0000143c   0x0000143c   0x00000050   Code   RO          919    i.fpu_init          system_lpc407x_8x_177x_8x.o
    0x0000148c   0x0000148c   0x00000034   Code   RO          244    i.go_backward       gpio.o
    0x000014c0   0x000014c0   0x00000024   Code   RO          245    i.go_forward        gpio.o
    0x000014e4   0x000014e4   0x000000ac   Code   RO            5    i.init              main.o
    0x00001590   0x00001590   0x0000000c   Code   RO            6    i.main              main.o
    0x0000159c   0x0000159c   0x00000114   Code   RO            7    i.motor_command     main.o
    0x000016b0   0x000016b0   0x00000024   Code   RO          246    i.stop              gpio.o
    0x000016d4   0x000016d4   0x000000cc   Code   RO          247    i.turn_left         gpio.o
    0x000017a0   0x000017a0   0x000000cc   Code   RO          248    i.turn_right        gpio.o
    0x0000186c   0x0000186c   0x0000001c   Code   RO          634    i.ultrasonic_get_distance  ultrasonic.o
    0x00001888   0x00001888   0x000004b4   Code   RO            8    i.update            main.o
    0x00001d3c   0x00001d3c   0x00000020   Data   RO         1276    Region$$Table       anon$$obj.o


    Execution Region ER_RW (Exec base: 0x10000000, Load base: 0x00001d5c, Size: 0x00000080, Max: 0xffffffff, ABSOLUTE)

    Exec Addr    Load Addr    Size         Type   Attr      Idx    E Section Name        Object

    0x10000000   0x00001d5c   0x0000003c   Data   RW           11    .data               main.o
    0x1000003c   0x00001d98   0x00000014   Data   RW          132    .data               adc.o
    0x10000050   0x00001dac   0x00000009   Data   RW          502    .data               serial.o
    0x10000059   0x00001db5   0x00000002   Data   RW          559    .data               hm10.o
    0x1000005b   0x00001db7   0x00000001   PAD
    0x1000005c   0x00001db8   0x00000013   Data   RW          635    .data               ultrasonic.o
    0x1000006f   0x00001dcb   0x00000001   PAD
    0x10000070   0x00001dcc   0x00000010   Data   RW          920    .data               system_lpc407x_8x_177x_8x.o


    Execution Region ER_ZI (Exec base: 0x10000080, Load base: 0x00001ddc, Size: 0x00000f68, Max: 0xffffffff, ABSOLUTE)

    Exec Addr    Load Addr    Size         Type   Attr      Idx    E Section Name        Object

    0x10000080        -       0x00000a66   Zero   RW            9    .bss                main.o
    0x10000ae6        -       0x00000100   Zero   RW          557    .bss                hm10.o
    0x10000be6   0x00001ddc   0x00000002   PAD
    0x10000be8        -       0x00000400   Zero   RW          904    STACK               startup_lpc407x_8x_177x_8x.o


==============================================================================

Image component sizes


      Code (inc. data)   RO Data    RW Data    ZI Data      Debug   Object Name

       572         54          0         20          0      33023   adc.o
       108         12          0          0          0        632   external.o
      1048        166          0          0          0      17141   gpio.o
       334         50          0          2        256      34501   hm10.o
        52          4          0          0          0        480   led.o
      1704        366          0         60       2662      31729   main.o
       256         30          0          0          0       1123   pwm.o
       128         36          0          9          0       1972   serial.o
        40         12        228          0       1024       1112   startup_lpc407x_8x_177x_8x.o
      1040         62          0         16          0       4648   system_lpc407x_8x_177x_8x.o
       144          8          0          0          0        485   timer.o
       650         82          0         19          0      35781   ultrasonic.o

    ----------------------------------------------------------------------
      6078        882        260        128       3944     162627   Object Totals
         0          0         32          0          0          0   (incl. Generated)
         2          0          0          2          2          0   (incl. Padding)

    ----------------------------------------------------------------------

      Code (inc. data)   RO Data    RW Data    ZI Data      Debug   Library Member Name

         0          0          0          0          0          0   entry.o
         0          0          0          0          0          0   entry10a.o
         0          0          0          0          0          0   entry11a.o
         8          4          0          0          0          0   entry2.o
         4          0          0          0          0          0   entry5.o
         0          0          0          0          0          0   entry7b.o
         0          0          0          0          0          0   entry8b.o
         8          4          0          0          0          0   entry9a.o
        30          0          0          0          0          0   handlers.o
        36          8          0          0          0         68   init.o
         0          0          0          0          0          0   iusefp.o
        30          0          0          0          0         68   llshl.o
        32          0          0          0          0         68   llushr.o
        36          0          0          0          0        108   memseta.o
       390         10          0          0          0        252   printf1.o
        24          0          0          0          0         68   strcat.o
        28          0          0          0          0         76   strcmp.o
        18          0          0          0          0         68   strcpy.o
        44          0          0          0          0         80   uidiv.o
       222          0          0          0          0        100   ddiv.o
       186          0          0          0          0        176   depilogue.o
        50          0          0          0          0         76   dfixui.o
        26          0          0          0          0         76   dfltui.o

    ----------------------------------------------------------------------
      1178         26          0          0          0       1284   Library Totals
         6          0          0          0          0          0   (incl. Padding)

    ----------------------------------------------------------------------

      Code (inc. data)   RO Data    RW Data    ZI Data      Debug   Library Name

       688         26          0          0          0        856   mc_w.l
       484          0          0          0          0        428   mf_w.l

    ----------------------------------------------------------------------
      1178         26          0          0          0       1284   Library Totals

    ----------------------------------------------------------------------

==============================================================================


      Code (inc. data)   RO Data    RW Data    ZI Data      Debug   

      7256        908        260        128       3944     157139   Grand Totals
      7256        908        260        128       3944     157139   ELF Image Totals
      7256        908        260        128          0          0   ROM Totals

==============================================================================

    Total RO  Size (Code + RO Data)                 7516 (   7.34kB)
    Total RW  Size (RW Data + ZI Data)              4072 (   3.98kB)
    Total ROM Size (Code + RO Data + RW Data)       7644 (   7.46kB)

==============================================================================

