Component: ARM Compiler 5.06 update 5 (build 528) Tool: armlink [4d35e2]

==============================================================================

Section Cross References

    main.o(i.EINT0_IRQHandler) refers to pll.o(i.PLL_Change_Configuration) for PLL_Change_Configuration
    main.o(i.PLL_Test) refers to gpio.o(i.GPIO_PIN_Write) for GPIO_PIN_Write
    main.o(i.PLL_Test) refers to main.o(.data) for counter
    main.o(i.PLL_Test_Init) refers to gpio.o(i.GPIO_DIR_Write) for GPIO_DIR_Write
    main.o(i.PLL_Test_Init) refers to external.o(i.External_Init) for External_Init
    main.o(i.PLL_Test_Init) refers to pll.o(i.PLL_Change_Configuration) for PLL_Change_Configuration
    main.o(i.init) refers to main.o(i.PLL_Test_Init) for PLL_Test_Init
    main.o(i.main) refers to main.o(i.init) for init
    main.o(i.main) refers to main.o(i.update) for update
    main.o(i.update) refers to main.o(i.PLL_Test) for PLL_Test
    pll.o(i.PLL_Change_Configuration) refers to pll.o(i.PLL_Init) for PLL_Init
    pll.o(i.PLL_Change_Configuration) refers to pll.o(i.PLL_Disable) for PLL_Disable
    pll.o(i.PLL_Change_Configuration) refers to pll.o(i.PLL_Feed) for PLL_Feed
    pll.o(i.PLL_Change_Configuration) refers to pll.o(i.PLL_Change_Source) for PLL_Change_Source
    pll.o(i.PLL_Change_Configuration) refers to pll.o(i.PLL_Change_Frequency) for PLL_Change_Frequency
    pll.o(i.PLL_Change_Configuration) refers to pll.o(i.PLL_Enable) for PLL_Enable
    pll.o(i.PLL_Change_Configuration) refers to pll.o(i.PLL_Check_State) for PLL_Check_State
    pll.o(i.PLL_Change_Configuration) refers to pll.o(i.PLL_Start) for PLL_Start
    startup_lpc407x_8x_177x_8x.o(RESET) refers to startup_lpc407x_8x_177x_8x.o(STACK) for __initial_sp
    startup_lpc407x_8x_177x_8x.o(RESET) refers to startup_lpc407x_8x_177x_8x.o(.text) for Reset_Handler
    startup_lpc407x_8x_177x_8x.o(RESET) refers to main.o(i.EINT0_IRQHandler) for EINT0_IRQHandler
    startup_lpc407x_8x_177x_8x.o(.text) refers to system_lpc407x_8x_177x_8x.o(i.SystemInit) for SystemInit
    startup_lpc407x_8x_177x_8x.o(.text) refers to entry.o(.ARM.Collect$$$$00000000) for __main
    system_lpc407x_8x_177x_8x.o(i.SystemCoreClockUpdate) refers to system_lpc407x_8x_177x_8x.o(.data) for SystemCoreClock
    system_lpc407x_8x_177x_8x.o(i.SystemInit) refers to system_lpc407x_8x_177x_8x.o(i.fpu_init) for fpu_init
    system_lpc407x_8x_177x_8x.o(i.SystemInit) refers to system_lpc407x_8x_177x_8x.o(i.SystemCoreClockUpdate) for SystemCoreClockUpdate
    entry.o(.ARM.Collect$$$$00000000) refers (Special) to entry10a.o(.ARM.Collect$$$$0000000D) for __rt_final_cpp
    entry.o(.ARM.Collect$$$$00000000) refers (Special) to entry11a.o(.ARM.Collect$$$$0000000F) for __rt_final_exit
    entry.o(.ARM.Collect$$$$00000000) refers (Special) to entry7b.o(.ARM.Collect$$$$00000008) for _main_clock
    entry.o(.ARM.Collect$$$$00000000) refers (Special) to entry8b.o(.ARM.Collect$$$$0000000A) for _main_cpp_init
    entry.o(.ARM.Collect$$$$00000000) refers (Special) to entry9a.o(.ARM.Collect$$$$0000000B) for _main_init
    entry.o(.ARM.Collect$$$$00000000) refers (Special) to entry5.o(.ARM.Collect$$$$00000004) for _main_scatterload
    entry.o(.ARM.Collect$$$$00000000) refers (Special) to entry2.o(.ARM.Collect$$$$00000001) for _main_stk
    entry2.o(.ARM.Collect$$$$00000001) refers to entry2.o(.ARM.Collect$$$$00002712) for __lit__00000000
    entry2.o(.ARM.Collect$$$$00002712) refers to startup_lpc407x_8x_177x_8x.o(STACK) for __initial_sp
    entry2.o(__vectab_stack_and_reset_area) refers to startup_lpc407x_8x_177x_8x.o(STACK) for __initial_sp
    entry2.o(__vectab_stack_and_reset_area) refers to entry.o(.ARM.Collect$$$$00000000) for __main
    entry5.o(.ARM.Collect$$$$00000004) refers to init.o(.text) for __scatterload
    entry9a.o(.ARM.Collect$$$$0000000B) refers to main.o(i.main) for main
    entry9b.o(.ARM.Collect$$$$0000000C) refers to main.o(i.main) for main
    init.o(.text) refers to entry5.o(.ARM.Collect$$$$00000004) for __main_after_scatterload


==============================================================================

Removing Unused input sections from the image.

    Removing main.o(.rev16_text), (4 bytes).
    Removing main.o(.revsh_text), (4 bytes).
    Removing main.o(.rrx_text), (6 bytes).
    Removing main.o(.constdata), (4 bytes).
    Removing pll.o(.rev16_text), (4 bytes).
    Removing pll.o(.revsh_text), (4 bytes).
    Removing pll.o(.rrx_text), (6 bytes).
    Removing gpio.o(.rev16_text), (4 bytes).
    Removing gpio.o(.revsh_text), (4 bytes).
    Removing gpio.o(.rrx_text), (6 bytes).
    Removing gpio.o(i.GPIO_PIN_Read), (10 bytes).
    Removing external.o(.rev16_text), (4 bytes).
    Removing external.o(.revsh_text), (4 bytes).
    Removing external.o(.rrx_text), (6 bytes).
    Removing startup_lpc407x_8x_177x_8x.o(HEAP), (0 bytes).
    Removing system_lpc407x_8x_177x_8x.o(.rev16_text), (4 bytes).
    Removing system_lpc407x_8x_177x_8x.o(.revsh_text), (4 bytes).
    Removing system_lpc407x_8x_177x_8x.o(.rrx_text), (6 bytes).

18 unused section(s) (total 84 bytes) removed from the image.

==============================================================================

Image Symbol Table

    Local Symbols

    Symbol Name                              Value     Ov Type        Size  Object(Section)

    RESET                                    0x00000000   Section      228  startup_lpc407x_8x_177x_8x.o(RESET)
    ../clib/microlib/init/entry.s            0x00000000   Number         0  entry9a.o ABSOLUTE
    ../clib/microlib/init/entry.s            0x00000000   Number         0  entry8b.o ABSOLUTE
    ../clib/microlib/init/entry.s            0x00000000   Number         0  entry2.o ABSOLUTE
    ../clib/microlib/init/entry.s            0x00000000   Number         0  entry8a.o ABSOLUTE
    ../clib/microlib/init/entry.s            0x00000000   Number         0  entry11a.o ABSOLUTE
    ../clib/microlib/init/entry.s            0x00000000   Number         0  entry7b.o ABSOLUTE
    ../clib/microlib/init/entry.s            0x00000000   Number         0  entry7a.o ABSOLUTE
    ../clib/microlib/init/entry.s            0x00000000   Number         0  entry5.o ABSOLUTE
    ../clib/microlib/init/entry.s            0x00000000   Number         0  entry.o ABSOLUTE
    ../clib/microlib/init/entry.s            0x00000000   Number         0  entry11b.o ABSOLUTE
    ../clib/microlib/init/entry.s            0x00000000   Number         0  entry10b.o ABSOLUTE
    ../clib/microlib/init/entry.s            0x00000000   Number         0  entry10a.o ABSOLUTE
    ../clib/microlib/init/entry.s            0x00000000   Number         0  entry9b.o ABSOLUTE
    Library\External.c                       0x00000000   Number         0  external.o ABSOLUTE
    Library\GPIO.c                           0x00000000   Number         0  gpio.o ABSOLUTE
    Library\PLL.c                            0x00000000   Number         0  pll.o ABSOLUTE
    Library\\External.c                      0x00000000   Number         0  external.o ABSOLUTE
    Library\\GPIO.c                          0x00000000   Number         0  gpio.o ABSOLUTE
    Library\\PLL.c                           0x00000000   Number         0  pll.o ABSOLUTE
    RTE\Device\LPC4088FET208\startup_LPC407x_8x_177x_8x.s 0x00000000   Number         0  startup_lpc407x_8x_177x_8x.o ABSOLUTE
    RTE\Device\LPC4088FET208\system_LPC407x_8x_177x_8x.c 0x00000000   Number         0  system_lpc407x_8x_177x_8x.o ABSOLUTE
    RTE\\Device\\LPC4088FET208\\system_LPC407x_8x_177x_8x.c 0x00000000   Number         0  system_lpc407x_8x_177x_8x.o ABSOLUTE
    dc.s                                     0x00000000   Number         0  dc.o ABSOLUTE
    handlers.s                               0x00000000   Number         0  handlers.o ABSOLUTE
    init.s                                   0x00000000   Number         0  init.o ABSOLUTE
    main.c                                   0x00000000   Number         0  main.o ABSOLUTE
    main.c                                   0x00000000   Number         0  main.o ABSOLUTE
    .ARM.Collect$$$$00000000                 0x000000e4   Section        0  entry.o(.ARM.Collect$$$$00000000)
    .ARM.Collect$$$$00000001                 0x000000e4   Section        4  entry2.o(.ARM.Collect$$$$00000001)
    .ARM.Collect$$$$00000004                 0x000000e8   Section        4  entry5.o(.ARM.Collect$$$$00000004)
    .ARM.Collect$$$$00000008                 0x000000ec   Section        0  entry7b.o(.ARM.Collect$$$$00000008)
    .ARM.Collect$$$$0000000A                 0x000000ec   Section        0  entry8b.o(.ARM.Collect$$$$0000000A)
    .ARM.Collect$$$$0000000B                 0x000000ec   Section        8  entry9a.o(.ARM.Collect$$$$0000000B)
    .ARM.Collect$$$$0000000D                 0x000000f4   Section        0  entry10a.o(.ARM.Collect$$$$0000000D)
    .ARM.Collect$$$$0000000F                 0x000000f4   Section        0  entry11a.o(.ARM.Collect$$$$0000000F)
    .ARM.Collect$$$$00002712                 0x000000f4   Section        4  entry2.o(.ARM.Collect$$$$00002712)
    __lit__00000000                          0x000000f4   Data           4  entry2.o(.ARM.Collect$$$$00002712)
    .text                                    0x000000f8   Section       36  startup_lpc407x_8x_177x_8x.o(.text)
    $v0                                      0x000000f8   Number         0  startup_lpc407x_8x_177x_8x.o(.text)
    .text                                    0x0000011c   Section       36  init.o(.text)
    i.EINT0_IRQHandler                       0x00000140   Section        0  main.o(i.EINT0_IRQHandler)
    i.External_Init                          0x00000160   Section        0  external.o(i.External_Init)
    i.GPIO_DIR_Write                         0x000001a8   Section        0  gpio.o(i.GPIO_DIR_Write)
    i.GPIO_PIN_Write                         0x000001ba   Section        0  gpio.o(i.GPIO_PIN_Write)
    i.PLL_Change_Configuration               0x000001cc   Section        0  pll.o(i.PLL_Change_Configuration)
    i.PLL_Change_Frequency                   0x000001f4   Section        0  pll.o(i.PLL_Change_Frequency)
    i.PLL_Change_Source                      0x00000200   Section        0  pll.o(i.PLL_Change_Source)
    i.PLL_Check_State                        0x0000020c   Section        0  pll.o(i.PLL_Check_State)
    i.PLL_Disable                            0x00000220   Section        0  pll.o(i.PLL_Disable)
    i.PLL_Enable                             0x0000022c   Section        0  pll.o(i.PLL_Enable)
    i.PLL_Feed                               0x00000238   Section        0  pll.o(i.PLL_Feed)
    i.PLL_Init                               0x00000250   Section        0  pll.o(i.PLL_Init)
    i.PLL_Start                              0x0000027c   Section        0  pll.o(i.PLL_Start)
    i.PLL_Test_Init                          0x000002b0   Section        0  main.o(i.PLL_Test_Init)
    i.__scatterload_copy                     0x000002cc   Section       14  handlers.o(i.__scatterload_copy)
    i.__scatterload_null                     0x000002da   Section        2  handlers.o(i.__scatterload_null)
    i.__scatterload_zeroinit                 0x000002dc   Section       14  handlers.o(i.__scatterload_zeroinit)
    i.init                                   0x000002ea   Section        0  main.o(i.init)
    i.update                                 0x000002f2   Section        0  main.o(i.update)
    .ARM.__at_0x02FC                         0x000002fc   Section        4  startup_lpc407x_8x_177x_8x.o(.ARM.__at_0x02FC)
    i.PLL_Test                               0x00000300   Section        0  main.o(i.PLL_Test)
    i.SystemCoreClockUpdate                  0x00000368   Section        0  system_lpc407x_8x_177x_8x.o(i.SystemCoreClockUpdate)
    i.SystemInit                             0x0000063c   Section        0  system_lpc407x_8x_177x_8x.o(i.SystemInit)
    i.fpu_init                               0x00000728   Section        0  system_lpc407x_8x_177x_8x.o(i.fpu_init)
    i.main                                   0x00000778   Section        0  main.o(i.main)
    .data                                    0x10000000   Section        4  main.o(.data)
    .data                                    0x10000004   Section       16  system_lpc407x_8x_177x_8x.o(.data)
    STACK                                    0x10000018   Section     1024  startup_lpc407x_8x_177x_8x.o(STACK)

    Global Symbols

    Symbol Name                              Value     Ov Type        Size  Object(Section)

    BuildAttributes$$THM_ISAv4$E$P$D$K$B$S$7EM$VFPi3$EXTD16$VFPS$VFMA$PE$A:L22UL41UL21$X:L11$S22US41US21$IEEE1$IW$USESV6$~STKCKD$USESV7$~SHL$OSPACE$EBA8$MICROLIB$REQ8$PRES8$EABIv2 0x00000000   Number         0  anon$$obj.o ABSOLUTE
    __ARM_use_no_argv                        0x00000000   Number         0  main.o ABSOLUTE
    __Vectors                                0x00000000   Data           4  startup_lpc407x_8x_177x_8x.o(RESET)
    __cpp_initialize__aeabi_                  - Undefined Weak Reference
    __cxa_finalize                            - Undefined Weak Reference
    __decompress                              - Undefined Weak Reference
    _clock_init                               - Undefined Weak Reference
    _microlib_exit                            - Undefined Weak Reference
    __main                                   0x000000e5   Thumb Code     0  entry.o(.ARM.Collect$$$$00000000)
    _main_stk                                0x000000e5   Thumb Code     0  entry2.o(.ARM.Collect$$$$00000001)
    _main_scatterload                        0x000000e9   Thumb Code     0  entry5.o(.ARM.Collect$$$$00000004)
    __main_after_scatterload                 0x000000ed   Thumb Code     0  entry5.o(.ARM.Collect$$$$00000004)
    _main_clock                              0x000000ed   Thumb Code     0  entry7b.o(.ARM.Collect$$$$00000008)
    _main_cpp_init                           0x000000ed   Thumb Code     0  entry8b.o(.ARM.Collect$$$$0000000A)
    _main_init                               0x000000ed   Thumb Code     0  entry9a.o(.ARM.Collect$$$$0000000B)
    __rt_final_cpp                           0x000000f5   Thumb Code     0  entry10a.o(.ARM.Collect$$$$0000000D)
    __rt_final_exit                          0x000000f5   Thumb Code     0  entry11a.o(.ARM.Collect$$$$0000000F)
    Reset_Handler                            0x000000f9   Thumb Code     8  startup_lpc407x_8x_177x_8x.o(.text)
    NMI_Handler                              0x00000101   Thumb Code     2  startup_lpc407x_8x_177x_8x.o(.text)
    HardFault_Handler                        0x00000103   Thumb Code     2  startup_lpc407x_8x_177x_8x.o(.text)
    MemManage_Handler                        0x00000105   Thumb Code     2  startup_lpc407x_8x_177x_8x.o(.text)
    BusFault_Handler                         0x00000107   Thumb Code     2  startup_lpc407x_8x_177x_8x.o(.text)
    UsageFault_Handler                       0x00000109   Thumb Code     2  startup_lpc407x_8x_177x_8x.o(.text)
    SVC_Handler                              0x0000010b   Thumb Code     2  startup_lpc407x_8x_177x_8x.o(.text)
    DebugMon_Handler                         0x0000010d   Thumb Code     2  startup_lpc407x_8x_177x_8x.o(.text)
    PendSV_Handler                           0x0000010f   Thumb Code     2  startup_lpc407x_8x_177x_8x.o(.text)
    SysTick_Handler                          0x00000111   Thumb Code     2  startup_lpc407x_8x_177x_8x.o(.text)
    ADC_IRQHandler                           0x00000113   Thumb Code     0  startup_lpc407x_8x_177x_8x.o(.text)
    BOD_IRQHandler                           0x00000113   Thumb Code     0  startup_lpc407x_8x_177x_8x.o(.text)
    CANActivity_IRQHandler                   0x00000113   Thumb Code     0  startup_lpc407x_8x_177x_8x.o(.text)
    CAN_IRQHandler                           0x00000113   Thumb Code     0  startup_lpc407x_8x_177x_8x.o(.text)
    DMA_IRQHandler                           0x00000113   Thumb Code     0  startup_lpc407x_8x_177x_8x.o(.text)
    EEPROM_IRQHandler                        0x00000113   Thumb Code     0  startup_lpc407x_8x_177x_8x.o(.text)
    EINT1_IRQHandler                         0x00000113   Thumb Code     0  startup_lpc407x_8x_177x_8x.o(.text)
    EINT2_IRQHandler                         0x00000113   Thumb Code     0  startup_lpc407x_8x_177x_8x.o(.text)
    EINT3_IRQHandler                         0x00000113   Thumb Code     0  startup_lpc407x_8x_177x_8x.o(.text)
    ENET_IRQHandler                          0x00000113   Thumb Code     0  startup_lpc407x_8x_177x_8x.o(.text)
    GPIO_IRQHandler                          0x00000113   Thumb Code     0  startup_lpc407x_8x_177x_8x.o(.text)
    I2C0_IRQHandler                          0x00000113   Thumb Code     0  startup_lpc407x_8x_177x_8x.o(.text)
    I2C1_IRQHandler                          0x00000113   Thumb Code     0  startup_lpc407x_8x_177x_8x.o(.text)
    I2C2_IRQHandler                          0x00000113   Thumb Code     0  startup_lpc407x_8x_177x_8x.o(.text)
    I2S_IRQHandler                           0x00000113   Thumb Code     0  startup_lpc407x_8x_177x_8x.o(.text)
    LCD_IRQHandler                           0x00000113   Thumb Code     0  startup_lpc407x_8x_177x_8x.o(.text)
    MCI_IRQHandler                           0x00000113   Thumb Code     0  startup_lpc407x_8x_177x_8x.o(.text)
    MCPWM_IRQHandler                         0x00000113   Thumb Code     0  startup_lpc407x_8x_177x_8x.o(.text)
    PLL0_IRQHandler                          0x00000113   Thumb Code     0  startup_lpc407x_8x_177x_8x.o(.text)
    PLL1_IRQHandler                          0x00000113   Thumb Code     0  startup_lpc407x_8x_177x_8x.o(.text)
    PWM0_IRQHandler                          0x00000113   Thumb Code     0  startup_lpc407x_8x_177x_8x.o(.text)
    PWM1_IRQHandler                          0x00000113   Thumb Code     0  startup_lpc407x_8x_177x_8x.o(.text)
    QEI_IRQHandler                           0x00000113   Thumb Code     0  startup_lpc407x_8x_177x_8x.o(.text)
    RTC_IRQHandler                           0x00000113   Thumb Code     0  startup_lpc407x_8x_177x_8x.o(.text)
    SSP0_IRQHandler                          0x00000113   Thumb Code     0  startup_lpc407x_8x_177x_8x.o(.text)
    SSP1_IRQHandler                          0x00000113   Thumb Code     0  startup_lpc407x_8x_177x_8x.o(.text)
    SSP2_IRQHandler                          0x00000113   Thumb Code     0  startup_lpc407x_8x_177x_8x.o(.text)
    TIMER0_IRQHandler                        0x00000113   Thumb Code     0  startup_lpc407x_8x_177x_8x.o(.text)
    TIMER1_IRQHandler                        0x00000113   Thumb Code     0  startup_lpc407x_8x_177x_8x.o(.text)
    TIMER2_IRQHandler                        0x00000113   Thumb Code     0  startup_lpc407x_8x_177x_8x.o(.text)
    TIMER3_IRQHandler                        0x00000113   Thumb Code     0  startup_lpc407x_8x_177x_8x.o(.text)
    UART0_IRQHandler                         0x00000113   Thumb Code     0  startup_lpc407x_8x_177x_8x.o(.text)
    UART1_IRQHandler                         0x00000113   Thumb Code     0  startup_lpc407x_8x_177x_8x.o(.text)
    UART2_IRQHandler                         0x00000113   Thumb Code     0  startup_lpc407x_8x_177x_8x.o(.text)
    UART3_IRQHandler                         0x00000113   Thumb Code     0  startup_lpc407x_8x_177x_8x.o(.text)
    UART4_IRQHandler                         0x00000113   Thumb Code     0  startup_lpc407x_8x_177x_8x.o(.text)
    USBActivity_IRQHandler                   0x00000113   Thumb Code     0  startup_lpc407x_8x_177x_8x.o(.text)
    USB_IRQHandler                           0x00000113   Thumb Code     0  startup_lpc407x_8x_177x_8x.o(.text)
    WDT_IRQHandler                           0x00000113   Thumb Code     0  startup_lpc407x_8x_177x_8x.o(.text)
    __scatterload                            0x0000011d   Thumb Code    28  init.o(.text)
    __scatterload_rt2                        0x0000011d   Thumb Code     0  init.o(.text)
    EINT0_IRQHandler                         0x00000141   Thumb Code    22  main.o(i.EINT0_IRQHandler)
    External_Init                            0x00000161   Thumb Code    60  external.o(i.External_Init)
    GPIO_DIR_Write                           0x000001a9   Thumb Code    18  gpio.o(i.GPIO_DIR_Write)
    GPIO_PIN_Write                           0x000001bb   Thumb Code    18  gpio.o(i.GPIO_PIN_Write)
    PLL_Change_Configuration                 0x000001cd   Thumb Code    40  pll.o(i.PLL_Change_Configuration)
    PLL_Change_Frequency                     0x000001f5   Thumb Code     8  pll.o(i.PLL_Change_Frequency)
    PLL_Change_Source                        0x00000201   Thumb Code     8  pll.o(i.PLL_Change_Source)
    PLL_Check_State                          0x0000020d   Thumb Code    16  pll.o(i.PLL_Check_State)
    PLL_Disable                              0x00000221   Thumb Code     8  pll.o(i.PLL_Disable)
    PLL_Enable                               0x0000022d   Thumb Code     8  pll.o(i.PLL_Enable)
    PLL_Feed                                 0x00000239   Thumb Code    18  pll.o(i.PLL_Feed)
    PLL_Init                                 0x00000251   Thumb Code    36  pll.o(i.PLL_Init)
    PLL_Start                                0x0000027d   Thumb Code    44  pll.o(i.PLL_Start)
    PLL_Test_Init                            0x000002b1   Thumb Code    22  main.o(i.PLL_Test_Init)
    __scatterload_copy                       0x000002cd   Thumb Code    14  handlers.o(i.__scatterload_copy)
    __scatterload_null                       0x000002db   Thumb Code     2  handlers.o(i.__scatterload_null)
    __scatterload_zeroinit                   0x000002dd   Thumb Code    14  handlers.o(i.__scatterload_zeroinit)
    init                                     0x000002eb   Thumb Code     8  main.o(i.init)
    update                                   0x000002f3   Thumb Code     8  main.o(i.update)
    PLL_Test                                 0x00000301   Thumb Code    82  main.o(i.PLL_Test)
    SystemCoreClockUpdate                    0x00000369   Thumb Code   696  system_lpc407x_8x_177x_8x.o(i.SystemCoreClockUpdate)
    SystemInit                               0x0000063d   Thumb Code   220  system_lpc407x_8x_177x_8x.o(i.SystemInit)
    fpu_init                                 0x00000729   Thumb Code    62  system_lpc407x_8x_177x_8x.o(i.fpu_init)
    main                                     0x00000779   Thumb Code    12  main.o(i.main)
    Region$$Table$$Base                      0x00000784   Number         0  anon$$obj.o(Region$$Table)
    Region$$Table$$Limit                     0x000007a4   Number         0  anon$$obj.o(Region$$Table)
    counter                                  0x10000000   Data           4  main.o(.data)
    SystemCoreClock                          0x10000004   Data           4  system_lpc407x_8x_177x_8x.o(.data)
    PeripheralClock                          0x10000008   Data           4  system_lpc407x_8x_177x_8x.o(.data)
    EMCClock                                 0x1000000c   Data           4  system_lpc407x_8x_177x_8x.o(.data)
    USBClock                                 0x10000010   Data           4  system_lpc407x_8x_177x_8x.o(.data)
    __initial_sp                             0x10000418   Data           0  startup_lpc407x_8x_177x_8x.o(STACK)



==============================================================================

Memory Map of the image

  Image Entry point : 0x000000f9

  Load Region LR_1 (Base: 0x00000000, Size: 0x000007b8, Max: 0xffffffff, ABSOLUTE)

    Execution Region ER_RO (Exec base: 0x00000000, Load base: 0x00000000, Size: 0x000007a4, Max: 0xffffffff, ABSOLUTE)

    Exec Addr    Load Addr    Size         Type   Attr      Idx    E Section Name        Object

    0x00000000   0x00000000   0x000000e4   Data   RO          241    RESET               startup_lpc407x_8x_177x_8x.o
    0x000000e4   0x000000e4   0x00000000   Code   RO          291  * .ARM.Collect$$$$00000000  mc_w.l(entry.o)
    0x000000e4   0x000000e4   0x00000004   Code   RO          294    .ARM.Collect$$$$00000001  mc_w.l(entry2.o)
    0x000000e8   0x000000e8   0x00000004   Code   RO          297    .ARM.Collect$$$$00000004  mc_w.l(entry5.o)
    0x000000ec   0x000000ec   0x00000000   Code   RO          299    .ARM.Collect$$$$00000008  mc_w.l(entry7b.o)
    0x000000ec   0x000000ec   0x00000000   Code   RO          301    .ARM.Collect$$$$0000000A  mc_w.l(entry8b.o)
    0x000000ec   0x000000ec   0x00000008   Code   RO          302    .ARM.Collect$$$$0000000B  mc_w.l(entry9a.o)
    0x000000f4   0x000000f4   0x00000000   Code   RO          304    .ARM.Collect$$$$0000000D  mc_w.l(entry10a.o)
    0x000000f4   0x000000f4   0x00000000   Code   RO          306    .ARM.Collect$$$$0000000F  mc_w.l(entry11a.o)
    0x000000f4   0x000000f4   0x00000004   Code   RO          295    .ARM.Collect$$$$00002712  mc_w.l(entry2.o)
    0x000000f8   0x000000f8   0x00000024   Code   RO          243  * .text               startup_lpc407x_8x_177x_8x.o
    0x0000011c   0x0000011c   0x00000024   Code   RO          308    .text               mc_w.l(init.o)
    0x00000140   0x00000140   0x00000020   Code   RO            4    i.EINT0_IRQHandler  main.o
    0x00000160   0x00000160   0x00000048   Code   RO          211    i.External_Init     external.o
    0x000001a8   0x000001a8   0x00000012   Code   RO          172    i.GPIO_DIR_Write    gpio.o
    0x000001ba   0x000001ba   0x00000012   Code   RO          174    i.GPIO_PIN_Write    gpio.o
    0x000001cc   0x000001cc   0x00000028   Code   RO           97    i.PLL_Change_Configuration  pll.o
    0x000001f4   0x000001f4   0x0000000c   Code   RO           98    i.PLL_Change_Frequency  pll.o
    0x00000200   0x00000200   0x0000000c   Code   RO           99    i.PLL_Change_Source  pll.o
    0x0000020c   0x0000020c   0x00000014   Code   RO          100    i.PLL_Check_State   pll.o
    0x00000220   0x00000220   0x0000000c   Code   RO          101    i.PLL_Disable       pll.o
    0x0000022c   0x0000022c   0x0000000c   Code   RO          102    i.PLL_Enable        pll.o
    0x00000238   0x00000238   0x00000018   Code   RO          103    i.PLL_Feed          pll.o
    0x00000250   0x00000250   0x0000002c   Code   RO          104    i.PLL_Init          pll.o
    0x0000027c   0x0000027c   0x00000034   Code   RO          105    i.PLL_Start         pll.o
    0x000002b0   0x000002b0   0x0000001c   Code   RO            6    i.PLL_Test_Init     main.o
    0x000002cc   0x000002cc   0x0000000e   Code   RO          312    i.__scatterload_copy  mc_w.l(handlers.o)
    0x000002da   0x000002da   0x00000002   Code   RO          313    i.__scatterload_null  mc_w.l(handlers.o)
    0x000002dc   0x000002dc   0x0000000e   Code   RO          314    i.__scatterload_zeroinit  mc_w.l(handlers.o)
    0x000002ea   0x000002ea   0x00000008   Code   RO            7    i.init              main.o
    0x000002f2   0x000002f2   0x00000008   Code   RO            9    i.update            main.o
    0x000002fa   0x000002fa   0x00000002   PAD
    0x000002fc   0x000002fc   0x00000004   Code   RO          242    .ARM.__at_0x02FC    startup_lpc407x_8x_177x_8x.o
    0x00000300   0x00000300   0x00000068   Code   RO            5    i.PLL_Test          main.o
    0x00000368   0x00000368   0x000002d4   Code   RO          252    i.SystemCoreClockUpdate  system_lpc407x_8x_177x_8x.o
    0x0000063c   0x0000063c   0x000000ec   Code   RO          253    i.SystemInit        system_lpc407x_8x_177x_8x.o
    0x00000728   0x00000728   0x00000050   Code   RO          254    i.fpu_init          system_lpc407x_8x_177x_8x.o
    0x00000778   0x00000778   0x0000000c   Code   RO            8    i.main              main.o
    0x00000784   0x00000784   0x00000020   Data   RO          310    Region$$Table       anon$$obj.o


    Execution Region ER_RW (Exec base: 0x10000000, Load base: 0x000007a4, Size: 0x00000014, Max: 0xffffffff, ABSOLUTE)

    Exec Addr    Load Addr    Size         Type   Attr      Idx    E Section Name        Object

    0x10000000   0x000007a4   0x00000004   Data   RW           11    .data               main.o
    0x10000004   0x000007a8   0x00000010   Data   RW          255    .data               system_lpc407x_8x_177x_8x.o


    Execution Region ER_ZI (Exec base: 0x10000014, Load base: 0x000007b8, Size: 0x00000404, Max: 0xffffffff, ABSOLUTE)

    Exec Addr    Load Addr    Size         Type   Attr      Idx    E Section Name        Object

    0x10000014   0x000007b8   0x00000004   PAD
    0x10000018        -       0x00000400   Zero   RW          239    STACK               startup_lpc407x_8x_177x_8x.o


==============================================================================

Image component sizes


      Code (inc. data)   RO Data    RW Data    ZI Data      Debug   Object Name

        72         12          0          0          0      30311   external.o
        36          0          0          0          0       2938   gpio.o
       192         38          0          4          0      30943   main.o
       228         42          0          0          0       4905   pll.o
        40         12        228          0       1024       1292   startup_lpc407x_8x_177x_8x.o
      1040         62          0         16          0       5044   system_lpc407x_8x_177x_8x.o

    ----------------------------------------------------------------------
      1610        166        260         20       1028      75433   Object Totals
         0          0         32          0          0          0   (incl. Generated)
         2          0          0          0          4          0   (incl. Padding)

    ----------------------------------------------------------------------

      Code (inc. data)   RO Data    RW Data    ZI Data      Debug   Library Member Name

         0          0          0          0          0          0   entry.o
         0          0          0          0          0          0   entry10a.o
         0          0          0          0          0          0   entry11a.o
         8          4          0          0          0          0   entry2.o
         4          0          0          0          0          0   entry5.o
         0          0          0          0          0          0   entry7b.o
         0          0          0          0          0          0   entry8b.o
         8          4          0          0          0          0   entry9a.o
        30          0          0          0          0          0   handlers.o
        36          8          0          0          0         68   init.o

    ----------------------------------------------------------------------
        86         16          0          0          0         68   Library Totals
         0          0          0          0          0          0   (incl. Padding)

    ----------------------------------------------------------------------

      Code (inc. data)   RO Data    RW Data    ZI Data      Debug   Library Name

        86         16          0          0          0         68   mc_w.l

    ----------------------------------------------------------------------
        86         16          0          0          0         68   Library Totals

    ----------------------------------------------------------------------

==============================================================================


      Code (inc. data)   RO Data    RW Data    ZI Data      Debug   

      1696        182        260         20       1028      74105   Grand Totals
      1696        182        260         20       1028      74105   ELF Image Totals
      1696        182        260         20          0          0   ROM Totals

==============================================================================

    Total RO  Size (Code + RO Data)                 1956 (   1.91kB)
    Total RW  Size (RW Data + ZI Data)              1048 (   1.02kB)
    Total ROM Size (Code + RO Data + RW Data)       1976 (   1.93kB)

==============================================================================

